Archive member included to satisfy reference by file (symbol)

/usr/local/gcc_arm/bin/../lib/gcc/arm-none-eabi/8.2.1/../../../../arm-none-eabi/lib/thumb/v7e-m+fp/hard/libc_nano.a(lib_a-exit.o)
                              /usr/local/gcc_arm/bin/../lib/gcc/arm-none-eabi/8.2.1/../../../../arm-none-eabi/lib/thumb/v7e-m+fp/hard/crt0.o (exit)
/usr/local/gcc_arm/bin/../lib/gcc/arm-none-eabi/8.2.1/../../../../arm-none-eabi/lib/thumb/v7e-m+fp/hard/libc_nano.a(lib_a-impure.o)
                              /usr/local/gcc_arm/bin/../lib/gcc/arm-none-eabi/8.2.1/../../../../arm-none-eabi/lib/thumb/v7e-m+fp/hard/libc_nano.a(lib_a-exit.o) (_global_impure_ptr)
/usr/local/gcc_arm/bin/../lib/gcc/arm-none-eabi/8.2.1/../../../../arm-none-eabi/lib/thumb/v7e-m+fp/hard/libc_nano.a(lib_a-init.o)
                              /usr/local/gcc_arm/bin/../lib/gcc/arm-none-eabi/8.2.1/../../../../arm-none-eabi/lib/thumb/v7e-m+fp/hard/crt0.o (__libc_init_array)
/usr/local/gcc_arm/bin/../lib/gcc/arm-none-eabi/8.2.1/../../../../arm-none-eabi/lib/thumb/v7e-m+fp/hard/libc_nano.a(lib_a-memset.o)
                              /usr/local/gcc_arm/bin/../lib/gcc/arm-none-eabi/8.2.1/../../../../arm-none-eabi/lib/thumb/v7e-m+fp/hard/crt0.o (memset)
/usr/local/gcc_arm/bin/../lib/gcc/arm-none-eabi/8.2.1/../../../../arm-none-eabi/lib/thumb/v7e-m+fp/hard/libnosys.a(_exit.o)
                              /usr/local/gcc_arm/bin/../lib/gcc/arm-none-eabi/8.2.1/../../../../arm-none-eabi/lib/thumb/v7e-m+fp/hard/libc_nano.a(lib_a-exit.o) (_exit)

Allocating common symbols
Common symbol       size              file

hspi2               0x64              build/MCUSetup.o
hadc2               0x54              build/MCUSetup.o
uwTick              0x4               build/stm32f3xx_hal.o
hdma_adc3           0x44              build/main.o
pFlash              0x20              build/stm32f3xx_hal_flash.o
_buffer             0x30              build/TLC5947.o
hadc1               0x54              build/MCUSetup.o
ADC1Readings        0x12              build/main.o
hadc3               0x54              build/MCUSetup.o
huart1              0x70              build/MCUSetup.o
hdma_adc1           0x44              build/main.o
hspi1               0x64              build/MCUSetup.o
hdma_adc2           0x44              build/main.o

Discarded input sections

 .text          0x0000000000000000        0x0 /usr/local/gcc_arm/bin/../lib/gcc/arm-none-eabi/8.2.1/thumb/v7e-m+fp/hard/crti.o
 .data          0x0000000000000000        0x0 /usr/local/gcc_arm/bin/../lib/gcc/arm-none-eabi/8.2.1/thumb/v7e-m+fp/hard/crti.o
 .bss           0x0000000000000000        0x0 /usr/local/gcc_arm/bin/../lib/gcc/arm-none-eabi/8.2.1/thumb/v7e-m+fp/hard/crti.o
 .data          0x0000000000000000        0x4 /usr/local/gcc_arm/bin/../lib/gcc/arm-none-eabi/8.2.1/thumb/v7e-m+fp/hard/crtbegin.o
 .text          0x0000000000000000       0x74 /usr/local/gcc_arm/bin/../lib/gcc/arm-none-eabi/8.2.1/../../../../arm-none-eabi/lib/thumb/v7e-m+fp/hard/crt0.o
 .data          0x0000000000000000        0x0 /usr/local/gcc_arm/bin/../lib/gcc/arm-none-eabi/8.2.1/../../../../arm-none-eabi/lib/thumb/v7e-m+fp/hard/crt0.o
 .bss           0x0000000000000000        0x0 /usr/local/gcc_arm/bin/../lib/gcc/arm-none-eabi/8.2.1/../../../../arm-none-eabi/lib/thumb/v7e-m+fp/hard/crt0.o
 .ARM.extab     0x0000000000000000        0x0 /usr/local/gcc_arm/bin/../lib/gcc/arm-none-eabi/8.2.1/../../../../arm-none-eabi/lib/thumb/v7e-m+fp/hard/crt0.o
 .ARM.exidx     0x0000000000000000        0x8 /usr/local/gcc_arm/bin/../lib/gcc/arm-none-eabi/8.2.1/../../../../arm-none-eabi/lib/thumb/v7e-m+fp/hard/crt0.o
 .ARM.attributes
                0x0000000000000000       0x1c /usr/local/gcc_arm/bin/../lib/gcc/arm-none-eabi/8.2.1/../../../../arm-none-eabi/lib/thumb/v7e-m+fp/hard/crt0.o
 .text          0x0000000000000000        0x0 build/MCUSetup.o
 .data          0x0000000000000000        0x0 build/MCUSetup.o
 .bss           0x0000000000000000        0x0 build/MCUSetup.o
 .text          0x0000000000000000        0x0 build/TLC5947.o
 .data          0x0000000000000000        0x0 build/TLC5947.o
 .bss           0x0000000000000000        0x0 build/TLC5947.o
 .text.setLEDBrightness
                0x0000000000000000       0x1c build/TLC5947.o
 .text.clearLEDs
                0x0000000000000000       0x18 build/TLC5947.o
 .text          0x0000000000000000        0x0 build/SID.o
 .data          0x0000000000000000        0x0 build/SID.o
 .bss           0x0000000000000000        0x0 build/SID.o
 .text.setFilterCutoff
                0x0000000000000000        0xe build/SID.o
 .text.setFilterResonance
                0x0000000000000000        0xc build/SID.o
 .text.setFilterTargets
                0x0000000000000000        0xc build/SID.o
 .text.setFilterType
                0x0000000000000000        0x6 build/SID.o
 .text.writeFilterCutoff
                0x0000000000000000       0x22 build/SID.o
 .text.writeFilterResonance
[...]
Memory Configuration

Name             Origin             Length             Attributes
RAM              0x0000000020000000 0x0000000000008000 xrw
CCMRAM           0x0000000010000000 0x0000000000002000 rw
FLASH            0x0000000008000000 0x0000000000020000 xr
*default*        0x0000000000000000 0xffffffffffffffff

Linker script and memory map

LOAD /usr/local/gcc_arm/bin/../lib/gcc/arm-none-eabi/8.2.1/thumb/v7e-m+fp/hard/crti.o
LOAD /usr/local/gcc_arm/bin/../lib/gcc/arm-none-eabi/8.2.1/thumb/v7e-m+fp/hard/crtbegin.o
LOAD /usr/local/gcc_arm/bin/../lib/gcc/arm-none-eabi/8.2.1/../../../../arm-none-eabi/lib/thumb/v7e-m+fp/hard/crt0.o
LOAD build/MCUSetup.o
LOAD build/TLC5947.o
LOAD build/SID.o
LOAD build/main.o
LOAD build/stm32f3xx_it.o
LOAD build/stm32f3xx_hal_msp.o
LOAD build/stm32f3xx_hal_adc.o
LOAD build/stm32f3xx_hal_adc_ex.o
LOAD build/stm32f3xx_hal_spi.o
LOAD build/stm32f3xx_hal_spi_ex.o
LOAD build/stm32f3xx_hal_tim.o
LOAD build/stm32f3xx_hal_tim_ex.o
LOAD build/stm32f3xx_hal_uart.o
LOAD build/stm32f3xx_hal_uart_ex.o
LOAD build/stm32f3xx_hal.o
LOAD build/stm32f3xx_hal_rcc.o
LOAD build/stm32f3xx_hal_rcc_ex.o
LOAD build/stm32f3xx_hal_gpio.o
LOAD build/stm32f3xx_hal_dma.o
LOAD build/stm32f3xx_hal_cortex.o
LOAD build/stm32f3xx_hal_pwr.o
LOAD build/stm32f3xx_hal_pwr_ex.o
LOAD build/stm32f3xx_hal_flash.o
LOAD build/stm32f3xx_hal_flash_ex.o
LOAD build/stm32f3xx_hal_i2c.o
LOAD build/stm32f3xx_hal_i2c_ex.o
LOAD build/system_stm32f3xx.o
LOAD build/startup_stm32f303xc.o
LOAD /usr/local/gcc_arm/bin/../lib/gcc/arm-none-eabi/8.2.1/../../../../arm-none-eabi/lib/thumb/v7e-m+fp/hard/libc_nano.a
LOAD /usr/local/gcc_arm/bin/../lib/gcc/arm-none-eabi/8.2.1/../../../../arm-none-eabi/lib/thumb/v7e-m+fp/hard/libm.a
LOAD /usr/local/gcc_arm/bin/../lib/gcc/arm-none-eabi/8.2.1/../../../../arm-none-eabi/lib/thumb/v7e-m+fp/hard/libnosys.a
START GROUP
LOAD /usr/local/gcc_arm/bin/../lib/gcc/arm-none-eabi/8.2.1/thumb/v7e-m+fp/hard/libgcc.a
LOAD /usr/local/gcc_arm/bin/../lib/gcc/arm-none-eabi/8.2.1/../../../../arm-none-eabi/lib/thumb/v7e-m+fp/hard/libc_nano.a
END GROUP
START GROUP
LOAD /usr/local/gcc_arm/bin/../lib/gcc/arm-none-eabi/8.2.1/thumb/v7e-m+fp/hard/libgcc.a
LOAD /usr/local/gcc_arm/bin/../lib/gcc/arm-none-eabi/8.2.1/../../../../arm-none-eabi/lib/thumb/v7e-m+fp/hard/libc_nano.a
END GROUP
LOAD /usr/local/gcc_arm/bin/../lib/gcc/arm-none-eabi/8.2.1/thumb/v7e-m+fp/hard/crtend.o
LOAD /usr/local/gcc_arm/bin/../lib/gcc/arm-none-eabi/8.2.1/thumb/v7e-m+fp/hard/crtn.o
                0x0000000020008000                _estack = 0x20008000
                0x0000000000000200                _Min_Heap_Size = 0x200
                0x0000000000000400                _Min_Stack_Size = 0x400

.isr_vector     0x0000000008000000      0x188
                0x0000000008000000                . = ALIGN (0x4)
 *(.isr_vector)
 .isr_vector    0x0000000008000000      0x188 build/startup_stm32f303xc.o
                0x0000000008000000                g_pfnVectors
                0x0000000008000188                . = ALIGN (0x4)

.text           0x0000000008000188     0x31a4
                0x0000000008000188                . = ALIGN (0x4)
 *(.text)
 .text          0x0000000008000188       0x40 /usr/local/gcc_arm/bin/../lib/gcc/arm-none-eabi/8.2.1/thumb/v7e-m+fp/hard/crtbegin.o
 *(.text*)
 .text.MX_GPIO_Init
                0x00000000080001c8       0xfc build/MCUSetup.o
 .text.MX_DMA_Init
                0x00000000080002c4       0x64 build/MCUSetup.o
 .text.MX_ADC1_Init
                0x0000000008000328       0xfc build/MCUSetup.o
 .text.MX_ADC2_Init
                0x0000000008000424       0xb0 build/MCUSetup.o
 .text.MX_ADC3_Init
                0x00000000080004d4       0x90 build/MCUSetup.o
 .text.MX_SPI2_Init
                0x0000000008000564       0x48 build/MCUSetup.o
 .text.MX_USART1_UART_Init
                0x00000000080005ac       0x30 build/MCUSetup.o
 .text.SystemClock_Config
                0x00000000080005dc       0x74 build/MCUSetup.o
                0x00000000080005dc                SystemClock_Config
 .text.MCU_Setup
                0x0000000008000650       0x2a build/MCUSetup.o
                0x0000000008000650                MCU_Setup
 .text.Error_Handler
                0x000000000800067a        0x2 build/MCUSetup.o
                0x000000000800067a                Error_Handler
 .text.writeLEDs
                0x000000000800067c       0x84 build/TLC5947.o
                0x000000000800067c                writeLEDs
 .text.setAllLEDBrightness
                0x0000000008000700       0x24 build/TLC5947.o
                0x0000000008000700                setAllLEDBrightness
 .text.setVoiceFreq
                0x0000000008000724       0x10 build/SID.o
                0x0000000008000724                setVoiceFreq
 .text.setVoicePWM
                0x0000000008000734       0x1a build/SID.o
                0x0000000008000734                setVoicePWM
 .text.setVoiceShape
                0x000000000800074e       0x10 build/SID.o
                0x000000000800074e                setVoiceShape
 .text.setVoiceEnv
                0x000000000800075e       0x18 build/SID.o
                0x000000000800075e                setVoiceEnv
 .text.setVolume
                0x0000000008000776        0xc build/SID.o
                0x0000000008000776                setVolume
 .text.writeSID
                0x0000000008000782       0x40 build/SID.o
                0x0000000008000782                writeSID
 .text.writeVoiceFreq
                0x00000000080007c2       0x38 build/SID.o
                0x00000000080007c2                writeVoiceFreq
 .text.writeVoicePWM
                0x00000000080007fa       0x3c build/SID.o
                0x00000000080007fa                writeVoicePWM
 .text.writeVoiceEnv
                0x0000000008000836       0x4c build/SID.o
                0x0000000008000836                writeVoiceEnv
 .text.gateVoice
                0x0000000008000882       0x42 build/SID.o
                0x0000000008000882                gateVoice
 .text.ungateVoice
                0x00000000080008c4       0x3e build/SID.o
                0x00000000080008c4                ungateVoice
 .text.writeFilterVolume
                0x0000000008000902       0x38 build/SID.o
                0x0000000008000902                writeFilterVolume
 .text.clearSID
                0x000000000800093a       0x34 build/SID.o
                0x000000000800093a                clearSID
 *fill*         0x000000000800096e        0x2 
 .text.sweepVoiceFreq
                0x0000000008000970       0x98 build/SID.o
                0x0000000008000970                sweepVoiceFreq
 .text.testAllVoices
                0x0000000008000a08       0xb0 build/SID.o
                0x0000000008000a08                testAllVoices
 .text.main     0x0000000008000ab8       0x80 build/main.o
                0x0000000008000ab8                main
 .text.NMI_Handler
                0x0000000008000b38        0x2 build/stm32f3xx_it.o
                0x0000000008000b38                NMI_Handler
 .text.HardFault_Handler
                0x0000000008000b3a        0x2 build/stm32f3xx_it.o
                0x0000000008000b3a                HardFault_Handler
 .text.MemManage_Handler
                0x0000000008000b3c        0x2 build/stm32f3xx_it.o
                0x0000000008000b3c                MemManage_Handler
 .text.BusFault_Handler
                0x0000000008000b3e        0x2 build/stm32f3xx_it.o
                0x0000000008000b3e                BusFault_Handler
 .text.UsageFault_Handler
                0x0000000008000b40        0x2 build/stm32f3xx_it.o
                0x0000000008000b40                UsageFault_Handler
 .text.SVC_Handler
                0x0000000008000b42        0x2 build/stm32f3xx_it.o
                0x0000000008000b42                SVC_Handler
 .text.DebugMon_Handler
                0x0000000008000b44        0x2 build/stm32f3xx_it.o
                0x0000000008000b44                DebugMon_Handler
 .text.PendSV_Handler
                0x0000000008000b46        0x2 build/stm32f3xx_it.o
                0x0000000008000b46                PendSV_Handler
 .text.SysTick_Handler
                0x0000000008000b48        0x8 build/stm32f3xx_it.o
                0x0000000008000b48                SysTick_Handler
 .text.DMA1_Channel1_IRQHandler
                0x0000000008000b50       0x10 build/stm32f3xx_it.o
                0x0000000008000b50                DMA1_Channel1_IRQHandler
 .text.DMA2_Channel3_IRQHandler
                0x0000000008000b60       0x10 build/stm32f3xx_it.o
                0x0000000008000b60                DMA2_Channel3_IRQHandler
 .text.DMA2_Channel5_IRQHandler
                0x0000000008000b70       0x10 build/stm32f3xx_it.o
                0x0000000008000b70                DMA2_Channel5_IRQHandler
 .text.HAL_MspInit
                0x0000000008000b80       0x30 build/stm32f3xx_hal_msp.o
                0x0000000008000b80                HAL_MspInit
 .text.HAL_ADC_MspInit
                0x0000000008000bb0      0x244 build/stm32f3xx_hal_msp.o
                0x0000000008000bb0                HAL_ADC_MspInit
 .text.HAL_SPI_MspInit
                0x0000000008000df4       0x6c build/stm32f3xx_hal_msp.o
                0x0000000008000df4                HAL_SPI_MspInit
 .text.HAL_UART_MspInit
                0x0000000008000e60       0x68 build/stm32f3xx_hal_msp.o
                0x0000000008000e60                HAL_UART_MspInit
 .text.HAL_ADC_ConvCpltCallback
                0x0000000008000ec8        0x2 build/stm32f3xx_hal_adc.o
                0x0000000008000ec8                HAL_ADC_ConvCpltCallback
 .text.HAL_ADC_ConvHalfCpltCallback
                0x0000000008000eca        0x2 build/stm32f3xx_hal_adc.o
                0x0000000008000eca                HAL_ADC_ConvHalfCpltCallback
 .text.HAL_ADC_ErrorCallback
                0x0000000008000ecc        0x2 build/stm32f3xx_hal_adc.o
                0x0000000008000ecc                HAL_ADC_ErrorCallback
 .text.ADC_Disable
                0x0000000008000ece       0x7e build/stm32f3xx_hal_adc_ex.o
 .text.ADC_Enable
                0x0000000008000f4c       0x78 build/stm32f3xx_hal_adc_ex.o
 .text.ADC_DMAError
                0x0000000008000fc4       0x1a build/stm32f3xx_hal_adc_ex.o
 .text.ADC_DMAHalfConvCplt
                0x0000000008000fde        0xa build/stm32f3xx_hal_adc_ex.o
 .text.ADC_DMAConvCplt
                0x0000000008000fe8       0x4a build/stm32f3xx_hal_adc_ex.o
 *fill*         0x0000000008001032        0x2 
 .text.HAL_ADC_Init
                0x0000000008001034      0x28c build/stm32f3xx_hal_adc_ex.o
                0x0000000008001034                HAL_ADC_Init
 .text.HAL_ADC_Start_DMA
                0x00000000080012c0      0x184 build/stm32f3xx_hal_adc_ex.o
                0x00000000080012c0                HAL_ADC_Start_DMA
 .text.HAL_ADC_ConfigChannel
                0x0000000008001444      0x3a8 build/stm32f3xx_hal_adc_ex.o
                0x0000000008001444                HAL_ADC_ConfigChannel
 .text.HAL_ADCEx_MultiModeConfigChannel
                0x00000000080017ec      0x158 build/stm32f3xx_hal_adc_ex.o
                0x00000000080017ec                HAL_ADCEx_MultiModeConfigChannel
 .text.SPI_WaitFlagStateUntilTimeout
                0x0000000008001944       0x92 build/stm32f3xx_hal_spi.o
 .text.SPI_WaitFifoStateUntilTimeout
                0x00000000080019d6       0xa4 build/stm32f3xx_hal_spi.o
 .text.SPI_EndRxTxTransaction
                0x0000000008001a7a       0x66 build/stm32f3xx_hal_spi.o
 .text.HAL_SPI_Init
                0x0000000008001ae0       0xba build/stm32f3xx_hal_spi.o
                0x0000000008001ae0                HAL_SPI_Init
 .text.HAL_SPI_Transmit
                0x0000000008001b9a      0x1b8 build/stm32f3xx_hal_spi.o
                0x0000000008001b9a                HAL_SPI_Transmit
 *fill*         0x0000000008001d52        0x2 
 .text.UART_SetConfig
                0x0000000008001d54      0x2b0 build/stm32f3xx_hal_uart.o
                0x0000000008001d54                UART_SetConfig
 .text.UART_AdvFeatureConfig
                0x0000000008002004       0xca build/stm32f3xx_hal_uart.o
                0x0000000008002004                UART_AdvFeatureConfig
 .text.UART_WaitOnFlagUntilTimeout
                0x00000000080020ce       0x62 build/stm32f3xx_hal_uart.o
                0x00000000080020ce                UART_WaitOnFlagUntilTimeout
 .text.UART_CheckIdleState
                0x0000000008002130       0x70 build/stm32f3xx_hal_uart.o
                0x0000000008002130                UART_CheckIdleState
 .text.HAL_UART_Init
                0x00000000080021a0       0x66 build/stm32f3xx_hal_uart.o
                0x00000000080021a0                HAL_UART_Init
 *fill*         0x0000000008002206        0x2 
 .text.HAL_InitTick
                0x0000000008002208       0x4c build/stm32f3xx_hal.o
                0x0000000008002208                HAL_InitTick
 .text.HAL_Init
                0x0000000008002254       0x24 build/stm32f3xx_hal.o
                0x0000000008002254                HAL_Init
 .text.HAL_IncTick
                0x0000000008002278       0x18 build/stm32f3xx_hal.o
                0x0000000008002278                HAL_IncTick
 .text.HAL_GetTick
                0x0000000008002290        0xc build/stm32f3xx_hal.o
                0x0000000008002290                HAL_GetTick
 .text.HAL_Delay
                0x000000000800229c       0x28 build/stm32f3xx_hal.o
                0x000000000800229c                HAL_Delay
 .text.HAL_RCC_OscConfig
                0x00000000080022c4      0x608 build/stm32f3xx_hal_rcc.o
                0x00000000080022c4                HAL_RCC_OscConfig
 .text.HAL_RCC_GetSysClockFreq
                0x00000000080028cc       0x70 build/stm32f3xx_hal_rcc.o
                0x00000000080028cc                HAL_RCC_GetSysClockFreq
 .text.HAL_RCC_ClockConfig
                0x000000000800293c      0x1a0 build/stm32f3xx_hal_rcc.o
                0x000000000800293c                HAL_RCC_ClockConfig
 .text.HAL_RCC_GetHCLKFreq
                0x0000000008002adc        0xc build/stm32f3xx_hal_rcc.o
                0x0000000008002adc                HAL_RCC_GetHCLKFreq
 .text.HAL_RCC_GetPCLK1Freq
                0x0000000008002ae8       0x2c build/stm32f3xx_hal_rcc.o
                0x0000000008002ae8                HAL_RCC_GetPCLK1Freq
 .text.HAL_RCC_GetPCLK2Freq
                0x0000000008002b14       0x2c build/stm32f3xx_hal_rcc.o
                0x0000000008002b14                HAL_RCC_GetPCLK2Freq
 .text.HAL_RCCEx_PeriphCLKConfig
                0x0000000008002b40      0x260 build/stm32f3xx_hal_rcc_ex.o
                0x0000000008002b40                HAL_RCCEx_PeriphCLKConfig
 .text.HAL_GPIO_Init
                0x0000000008002da0      0x194 build/stm32f3xx_hal_gpio.o
                0x0000000008002da0                HAL_GPIO_Init
 .text.HAL_GPIO_WritePin
                0x0000000008002f34        0xa build/stm32f3xx_hal_gpio.o
                0x0000000008002f34                HAL_GPIO_WritePin
 .text.DMA_SetConfig
                0x0000000008002f3e       0x2c build/stm32f3xx_hal_dma.o
 *fill*         0x0000000008002f6a        0x2 
 .text.DMA_CalcBaseAndBitshift
                0x0000000008002f6c       0x4c build/stm32f3xx_hal_dma.o
 .text.HAL_DMA_Init
                0x0000000008002fb8       0x50 build/stm32f3xx_hal_dma.o
                0x0000000008002fb8                HAL_DMA_Init
 .text.HAL_DMA_Start_IT
                0x0000000008003008       0x74 build/stm32f3xx_hal_dma.o
                0x0000000008003008                HAL_DMA_Start_IT
 .text.HAL_DMA_IRQHandler
                0x000000000800307c       0xb4 build/stm32f3xx_hal_dma.o
                0x000000000800307c                HAL_DMA_IRQHandler
 .text.HAL_NVIC_SetPriorityGrouping
                0x0000000008003130       0x24 build/stm32f3xx_hal_cortex.o
                0x0000000008003130                HAL_NVIC_SetPriorityGrouping
 .text.HAL_NVIC_SetPriority
                0x0000000008003154       0x68 build/stm32f3xx_hal_cortex.o
                0x0000000008003154                HAL_NVIC_SetPriority
 .text.HAL_NVIC_EnableIRQ
                0x00000000080031bc       0x18 build/stm32f3xx_hal_cortex.o
                0x00000000080031bc                HAL_NVIC_EnableIRQ
 .text.HAL_SYSTICK_Config
                0x00000000080031d4       0x2c build/stm32f3xx_hal_cortex.o
                0x00000000080031d4                HAL_SYSTICK_Config
 .text.SystemInit
                0x0000000008003200       0x68 build/system_stm32f3xx.o
                0x0000000008003200                SystemInit
 .text.Reset_Handler
                0x0000000008003268       0x50 build/startup_stm32f303xc.o
                0x0000000008003268                Reset_Handler
 .text.Default_Handler
                0x00000000080032b8        0x2 build/startup_stm32f303xc.o
                0x00000000080032b8                TIM1_BRK_TIM15_IRQHandler
                0x00000000080032b8                TIM8_TRG_COM_IRQHandler
                0x00000000080032b8                TIM8_CC_IRQHandler
                0x00000000080032b8                TIM1_CC_IRQHandler
                0x00000000080032b8                USB_HP_IRQHandler
                0x00000000080032b8                PVD_IRQHandler
                0x00000000080032b8                TAMP_STAMP_IRQHandler
                0x00000000080032b8                EXTI3_IRQHandler
                0x00000000080032b8                USB_HP_CAN_TX_IRQHandler
                0x00000000080032b8                EXTI0_IRQHandler
                0x00000000080032b8                I2C2_EV_IRQHandler
                0x00000000080032b8                FPU_IRQHandler
                0x00000000080032b8                TIM1_UP_TIM16_IRQHandler
                0x00000000080032b8                ADC1_2_IRQHandler
                0x00000000080032b8                SPI1_IRQHandler
                0x00000000080032b8                CAN_SCE_IRQHandler
                0x00000000080032b8                TIM6_DAC_IRQHandler
                0x00000000080032b8                TIM8_UP_IRQHandler
                0x00000000080032b8                DMA2_Channel2_IRQHandler
                0x00000000080032b8                DMA1_Channel4_IRQHandler
                0x00000000080032b8                USART3_IRQHandler
                0x00000000080032b8                DMA1_Channel7_IRQHandler
                0x00000000080032b8                UART5_IRQHandler
                0x00000000080032b8                ADC3_IRQHandler
                0x00000000080032b8                TIM4_IRQHandler
                0x00000000080032b8                CAN_RX1_IRQHandler
                0x00000000080032b8                DMA2_Channel1_IRQHandler
                0x00000000080032b8                I2C1_EV_IRQHandler
                0x00000000080032b8                DMA1_Channel6_IRQHandler
                0x00000000080032b8                UART4_IRQHandler
                0x00000000080032b8                DMA2_Channel4_IRQHandler
                0x00000000080032b8                TIM3_IRQHandler
                0x00000000080032b8                RCC_IRQHandler
                0x00000000080032b8                Default_Handler
                0x00000000080032b8                USBWakeUp_RMP_IRQHandler
                0x00000000080032b8                EXTI15_10_IRQHandler
                0x00000000080032b8                TIM7_IRQHandler
                0x00000000080032b8                EXTI9_5_IRQHandler
                0x00000000080032b8                RTC_WKUP_IRQHandler
                0x00000000080032b8                SPI2_IRQHandler
                0x00000000080032b8                USB_LP_CAN_RX0_IRQHandler
                0x00000000080032b8                DMA1_Channel5_IRQHandler
                0x00000000080032b8                USB_LP_IRQHandler
                0x00000000080032b8                EXTI4_IRQHandler
                0x00000000080032b8                TIM1_TRG_COM_TIM17_IRQHandler
                0x00000000080032b8                DMA1_Channel3_IRQHandler
                0x00000000080032b8                ADC4_IRQHandler
                0x00000000080032b8                WWDG_IRQHandler
                0x00000000080032b8                TIM2_IRQHandler
                0x00000000080032b8                COMP7_IRQHandler
                0x00000000080032b8                COMP1_2_3_IRQHandler
                0x00000000080032b8                EXTI1_IRQHandler
                0x00000000080032b8                USART2_IRQHandler
                0x00000000080032b8                COMP4_5_6_IRQHandler
                0x00000000080032b8                I2C2_ER_IRQHandler
                0x00000000080032b8                DMA1_Channel2_IRQHandler
                0x00000000080032b8                TIM8_BRK_IRQHandler
                0x00000000080032b8                FLASH_IRQHandler
                0x00000000080032b8                USART1_IRQHandler
                0x00000000080032b8                SPI3_IRQHandler
                0x00000000080032b8                I2C1_ER_IRQHandler
                0x00000000080032b8                USBWakeUp_IRQHandler
                0x00000000080032b8                EXTI2_TSC_IRQHandler
                0x00000000080032b8                RTC_Alarm_IRQHandler
 *fill*         0x00000000080032ba        0x2 
 .text.__libc_init_array
                0x00000000080032bc       0x48 /usr/local/gcc_arm/bin/../lib/gcc/arm-none-eabi/8.2.1/../../../../arm-none-eabi/lib/thumb/v7e-m+fp/hard/libc_nano.a(lib_a-init.o)
                0x00000000080032bc                __libc_init_array
 .text.memset   0x0000000008003304       0x10 /usr/local/gcc_arm/bin/../lib/gcc/arm-none-eabi/8.2.1/../../../../arm-none-eabi/lib/thumb/v7e-m+fp/hard/libc_nano.a(lib_a-memset.o)
                0x0000000008003304                memset
 *(.glue_7)
 .glue_7        0x0000000008003314        0x0 linker stubs
 *(.glue_7t)
 .glue_7t       0x0000000008003314        0x0 linker stubs
 *(.eh_frame)
 .eh_frame      0x0000000008003314        0x0 /usr/local/gcc_arm/bin/../lib/gcc/arm-none-eabi/8.2.1/thumb/v7e-m+fp/hard/crtbegin.o
 *(.init)
 .init          0x0000000008003314        0x4 /usr/local/gcc_arm/bin/../lib/gcc/arm-none-eabi/8.2.1/thumb/v7e-m+fp/hard/crti.o
                0x0000000008003314                _init
 .init          0x0000000008003318        0x8 /usr/local/gcc_arm/bin/../lib/gcc/arm-none-eabi/8.2.1/thumb/v7e-m+fp/hard/crtn.o
 *(.fini)
 .fini          0x0000000008003320        0x4 /usr/local/gcc_arm/bin/../lib/gcc/arm-none-eabi/8.2.1/thumb/v7e-m+fp/hard/crti.o
                0x0000000008003320                _fini
 .fini          0x0000000008003324        0x8 /usr/local/gcc_arm/bin/../lib/gcc/arm-none-eabi/8.2.1/thumb/v7e-m+fp/hard/crtn.o
                0x000000000800332c                . = ALIGN (0x4)
                0x000000000800332c                _etext = .

.vfp11_veneer   0x000000000800332c        0x0
 .vfp11_veneer  0x000000000800332c        0x0 linker stubs

.v4_bx          0x000000000800332c        0x0
 .v4_bx         0x000000000800332c        0x0 linker stubs

.iplt           0x000000000800332c        0x0
 .iplt          0x000000000800332c        0x0 /usr/local/gcc_arm/bin/../lib/gcc/arm-none-eabi/8.2.1/thumb/v7e-m+fp/hard/crtbegin.o

.rodata         0x000000000800332c       0x3c
                0x000000000800332c                . = ALIGN (0x4)
 *(.rodata)
 .rodata        0x000000000800332c        0x4 build/SID.o
 *(.rodata*)
 .rodata.aPLLMULFactorTable
                0x0000000008003330       0x10 build/stm32f3xx_hal_rcc.o
                0x0000000008003330                aPLLMULFactorTable
 .rodata.aPredivFactorTable
                0x0000000008003340       0x10 build/stm32f3xx_hal_rcc.o
                0x0000000008003340                aPredivFactorTable
 .rodata.AHBPrescTable
                0x0000000008003350       0x10 build/system_stm32f3xx.o
                0x0000000008003350                AHBPrescTable
 .rodata.APBPrescTable
                0x0000000008003360        0x8 build/system_stm32f3xx.o
                0x0000000008003360                APBPrescTable
                0x0000000008003368                . = ALIGN (0x4)

.rel.dyn        0x0000000008003368        0x0
 .rel.iplt      0x0000000008003368        0x0 /usr/local/gcc_arm/bin/../lib/gcc/arm-none-eabi/8.2.1/thumb/v7e-m+fp/hard/crtbegin.o

.ARM.extab
 *(.ARM.extab* .gnu.linkonce.armextab.*)

.ARM            0x0000000008003368        0x0
                0x0000000008003368                __exidx_start = .
 *(.ARM.exidx*)
                0x0000000008003368                __exidx_end = .

.preinit_array  0x0000000008003368        0x0
                0x0000000008003368                PROVIDE (__preinit_array_start = .)
 *(.preinit_array*)
                0x0000000008003368                PROVIDE (__preinit_array_end = .)

.init_array     0x0000000008003368        0x4
                0x0000000008003368                PROVIDE (__init_array_start = .)
 *(SORT_BY_NAME(.init_array.*))
 *(.init_array*)
 .init_array    0x0000000008003368        0x4 /usr/local/gcc_arm/bin/../lib/gcc/arm-none-eabi/8.2.1/thumb/v7e-m+fp/hard/crtbegin.o
                0x000000000800336c                PROVIDE (__init_array_end = .)

.fini_array     0x000000000800336c        0x4
                [!provide]                        PROVIDE (__fini_array_start = .)
 *(SORT_BY_NAME(.fini_array.*))
 *(.fini_array*)
 .fini_array    0x000000000800336c        0x4 /usr/local/gcc_arm/bin/../lib/gcc/arm-none-eabi/8.2.1/thumb/v7e-m+fp/hard/crtbegin.o
                [!provide]                        PROVIDE (__fini_array_end = .)
                0x0000000008003370                _sidata = LOADADDR (.data)

.data           0x0000000020000000       0x64 load address 0x0000000008003370
                0x0000000020000000                . = ALIGN (0x4)
                0x0000000020000000                _sdata = .
 *(.data)
 *(.data*)
 .data.initialFilter
                0x0000000020000000        0xa build/main.o
                0x0000000020000000                initialFilter
 *fill*         0x000000002000000a        0x2 
 .data.ledDriver
                0x000000002000000c       0x14 build/main.o
                0x000000002000000c                ledDriver
 .data.sid      0x0000000020000020       0x38 build/main.o
                0x0000000020000020                sid
 .data.uwTickFreq
                0x0000000020000058        0x1 build/stm32f3xx_hal.o
                0x0000000020000058                uwTickFreq
 *fill*         0x0000000020000059        0x3 
 .data.uwTickPrio
                0x000000002000005c        0x4 build/stm32f3xx_hal.o
                0x000000002000005c                uwTickPrio
 .data.SystemCoreClock
                0x0000000020000060        0x4 build/system_stm32f3xx.o
                0x0000000020000060                SystemCoreClock
                0x0000000020000064                . = ALIGN (0x4)
                0x0000000020000064                _edata = .
                0x00000000080033d4                _siccmram = LOADADDR (.ccmram)

.igot.plt       0x0000000020000064        0x0 load address 0x00000000080033d4
 .igot.plt      0x0000000020000064        0x0 /usr/local/gcc_arm/bin/../lib/gcc/arm-none-eabi/8.2.1/thumb/v7e-m+fp/hard/crtbegin.o

.ccmram         0x0000000010000000        0x0 load address 0x00000000080033d4
                0x0000000010000000                . = ALIGN (0x4)
                0x0000000010000000                _sccmram = .
 *(.ccmram)
 *(.ccmram*)
                0x0000000010000000                . = ALIGN (0x4)
                0x0000000010000000                _eccmram = .
                0x0000000010000000                . = ALIGN (0x4)

.bss            0x0000000020000064      0x388
                0x0000000020000064                _sbss = .
                0x0000000020000064                __bss_start__ = _sbss
 *(.bss)
 .bss           0x0000000020000064       0x1c /usr/local/gcc_arm/bin/../lib/gcc/arm-none-eabi/8.2.1/thumb/v7e-m+fp/hard/crtbegin.o
 *(.bss*)
 .bss.sidVoices
                0x0000000020000080       0x1e build/main.o
                0x0000000020000080                sidVoices
 *fill*         0x000000002000009e        0x2 
 .bss.HAL_RCC_ADC12_CLK_ENABLED
                0x00000000200000a0        0x4 build/stm32f3xx_hal_msp.o
 *(COMMON)
 COMMON         0x00000000200000a4      0x234 build/MCUSetup.o
                0x00000000200000a4                hspi2
                0x0000000020000108                hadc2
                0x000000002000015c                hadc1
                0x00000000200001b0                hadc3
                0x0000000020000204                huart1
                0x0000000020000274                hspi1
 COMMON         0x00000000200002d8       0x30 build/TLC5947.o
                0x00000000200002d8                _buffer
 COMMON         0x0000000020000308       0xe0 build/main.o
                0x0000000020000308                hdma_adc3
                0x000000002000034c                ADC1Readings
                0x0000000020000360                hdma_adc1
                0x00000000200003a4                hdma_adc2
 COMMON         0x00000000200003e8        0x4 build/stm32f3xx_hal.o
                0x00000000200003e8                uwTick
                0x00000000200003ec                . = ALIGN (0x4)
                0x00000000200003ec                _ebss = .
                0x00000000200003ec                __bss_end__ = _ebss

._user_heap_stack
                0x00000000200003ec      0x604
                0x00000000200003f0                . = ALIGN (0x8)
 *fill*         0x00000000200003ec        0x4 
                [!provide]                        PROVIDE (end = .)
                [!provide]                        PROVIDE (_end = .)
                0x00000000200005f0                . = (. + _Min_Heap_Size)
 *fill*         0x00000000200003f0      0x200 
                0x00000000200009f0                . = (. + _Min_Stack_Size)
 *fill*         0x00000000200005f0      0x400 
                0x00000000200009f0                . = ALIGN (0x8)

/DISCARD/
 libc.a(*)
 libm.a(*)
 libgcc.a(*)

.ARM.attributes
                0x0000000000000000       0x30
 *(.ARM.attributes)
 .ARM.attributes
                0x0000000000000000       0x1e /usr/local/gcc_arm/bin/../lib/gcc/arm-none-eabi/8.2.1/thumb/v7e-m+fp/hard/crti.o
 .ARM.attributes
                0x000000000000001e       0x34 /usr/local/gcc_arm/bin/../lib/gcc/arm-none-eabi/8.2.1/thumb/v7e-m+fp/hard/crtbegin.o
 .ARM.attributes
                0x0000000000000052       0x34 build/MCUSetup.o
 .ARM.attributes
                0x0000000000000086       0x34 build/TLC5947.o
 .ARM.attributes
                0x00000000000000ba       0x34 build/SID.o
 .ARM.attributes
                0x00000000000000ee       0x34 build/main.o
 .ARM.attributes
                0x0000000000000122       0x34 build/stm32f3xx_it.o
 .ARM.attributes
                0x0000000000000156       0x34 build/stm32f3xx_hal_msp.o
 .ARM.attributes
                0x000000000000018a       0x34 build/stm32f3xx_hal_adc.o
 .ARM.attributes
                0x00000000000001be       0x34 build/stm32f3xx_hal_adc_ex.o
 .ARM.attributes
                0x00000000000001f2       0x34 build/stm32f3xx_hal_spi.o
 .ARM.attributes
                0x0000000000000226       0x34 build/stm32f3xx_hal_uart.o
 .ARM.attributes
                0x000000000000025a       0x34 build/stm32f3xx_hal.o
 .ARM.attributes
                0x000000000000028e       0x34 build/stm32f3xx_hal_rcc.o
 .ARM.attributes
                0x00000000000002c2       0x34 build/stm32f3xx_hal_rcc_ex.o
 .ARM.attributes
                0x00000000000002f6       0x34 build/stm32f3xx_hal_gpio.o
 .ARM.attributes
                0x000000000000032a       0x34 build/stm32f3xx_hal_dma.o
 .ARM.attributes
                0x000000000000035e       0x34 build/stm32f3xx_hal_cortex.o
 .ARM.attributes
                0x0000000000000392       0x34 build/system_stm32f3xx.o
 .ARM.attributes
                0x00000000000003c6       0x21 build/startup_stm32f303xc.o
 .ARM.attributes
                0x00000000000003e7       0x34 /usr/local/gcc_arm/bin/../lib/gcc/arm-none-eabi/8.2.1/../../../../arm-none-eabi/lib/thumb/v7e-m+fp/hard/libc_nano.a(lib_a-init.o)
 .ARM.attributes
                0x000000000000041b       0x34 /usr/local/gcc_arm/bin/../lib/gcc/arm-none-eabi/8.2.1/../../../../arm-none-eabi/lib/thumb/v7e-m+fp/hard/libc_nano.a(lib_a-memset.o)
 .ARM.attributes
                0x000000000000044f       0x1e /usr/local/gcc_arm/bin/../lib/gcc/arm-none-eabi/8.2.1/thumb/v7e-m+fp/hard/crtn.o
OUTPUT(build/EuroSID.elf elf32-littlearm)

.debug_info     0x0000000000000000    0x1d732
 .debug_info    0x0000000000000000     0x27d8 build/MCUSetup.o
 .debug_info    0x00000000000027d8      0xeb9 build/TLC5947.o
 .debug_info    0x0000000000003691     0x2612 build/SID.o
 .debug_info    0x0000000000005ca3     0x1e42 build/main.o
 .debug_info    0x0000000000007ae5      0xefa build/stm32f3xx_it.o
 .debug_info    0x00000000000089df     0x208c build/stm32f3xx_hal_msp.o
 .debug_info    0x000000000000aa6b     0x1757 build/stm32f3xx_hal_adc.o
 .debug_info    0x000000000000c1c2     0x296b build/stm32f3xx_hal_adc_ex.o
 .debug_info    0x000000000000eb2d     0x2c03 build/stm32f3xx_hal_spi.o
 .debug_info    0x0000000000011730     0x2826 build/stm32f3xx_hal_uart.o
 .debug_info    0x0000000000013f56     0x132e build/stm32f3xx_hal.o
 .debug_info    0x0000000000015284     0x2306 build/stm32f3xx_hal_rcc.o
 .debug_info    0x000000000001758a     0x12a0 build/stm32f3xx_hal_rcc_ex.o
 .debug_info    0x000000000001882a     0x11ca build/stm32f3xx_hal_gpio.o
 .debug_info    0x00000000000199f4     0x1374 build/stm32f3xx_hal_dma.o
 .debug_info    0x000000000001ad68     0x1b1d build/stm32f3xx_hal_cortex.o
 .debug_info    0x000000000001c885      0xe8b build/system_stm32f3xx.o
 .debug_info    0x000000000001d710       0x22 build/startup_stm32f303xc.o

.debug_abbrev   0x0000000000000000     0x34bf
 .debug_abbrev  0x0000000000000000      0x326 build/MCUSetup.o
 .debug_abbrev  0x0000000000000326      0x2ce build/TLC5947.o
 .debug_abbrev  0x00000000000005f4      0x383 build/SID.o
 .debug_abbrev  0x0000000000000977      0x2c2 build/main.o
 .debug_abbrev  0x0000000000000c39      0x21e build/stm32f3xx_it.o
 .debug_abbrev  0x0000000000000e57      0x2b6 build/stm32f3xx_hal_msp.o
 .debug_abbrev  0x000000000000110d      0x244 build/stm32f3xx_hal_adc.o
 .debug_abbrev  0x0000000000001351      0x39f build/stm32f3xx_hal_adc_ex.o
 .debug_abbrev  0x00000000000016f0      0x342 build/stm32f3xx_hal_spi.o
 .debug_abbrev  0x0000000000001a32      0x358 build/stm32f3xx_hal_uart.o
 .debug_abbrev  0x0000000000001d8a      0x308 build/stm32f3xx_hal.o
 .debug_abbrev  0x0000000000002092      0x3eb build/stm32f3xx_hal_rcc.o
 .debug_abbrev  0x000000000000247d      0x385 build/stm32f3xx_hal_rcc_ex.o
 .debug_abbrev  0x0000000000002802      0x30a build/stm32f3xx_hal_gpio.o
 .debug_abbrev  0x0000000000002b0c      0x327 build/stm32f3xx_hal_dma.o
 .debug_abbrev  0x0000000000002e33      0x444 build/stm32f3xx_hal_cortex.o
 .debug_abbrev  0x0000000000003277      0x236 build/system_stm32f3xx.o
 .debug_abbrev  0x00000000000034ad       0x12 build/startup_stm32f303xc.o

.debug_loc      0x0000000000000000     0xb5f8
 .debug_loc     0x0000000000000000      0x1b3 build/MCUSetup.o
 .debug_loc     0x00000000000001b3      0x13b build/TLC5947.o
 .debug_loc     0x00000000000002ee      0xab8 build/SID.o
 .debug_loc     0x0000000000000da6       0x20 build/main.o
 .debug_loc     0x0000000000000dc6       0x80 build/stm32f3xx_it.o
 .debug_loc     0x0000000000000e46      0x376 build/stm32f3xx_hal_msp.o
 .debug_loc     0x00000000000011bc      0x22b build/stm32f3xx_hal_adc.o
 .debug_loc     0x00000000000013e7     0x26ab build/stm32f3xx_hal_adc_ex.o
 .debug_loc     0x0000000000003a92     0x2870 build/stm32f3xx_hal_spi.o
 .debug_loc     0x0000000000006302     0x1fb8 build/stm32f3xx_hal_uart.o
 .debug_loc     0x00000000000082ba      0x1cc build/stm32f3xx_hal.o
 .debug_loc     0x0000000000008486      0xf1f build/stm32f3xx_hal_rcc.o
 .debug_loc     0x00000000000093a5      0xabf build/stm32f3xx_hal_rcc_ex.o
 .debug_loc     0x0000000000009e64      0x4c3 build/stm32f3xx_hal_gpio.o
 .debug_loc     0x000000000000a327      0xa1e build/stm32f3xx_hal_dma.o
 .debug_loc     0x000000000000ad45      0x790 build/stm32f3xx_hal_cortex.o
 .debug_loc     0x000000000000b4d5      0x123 build/system_stm32f3xx.o

.debug_aranges  0x0000000000000000      0xbc8
 .debug_aranges
                0x0000000000000000       0x68 build/MCUSetup.o
 .debug_aranges
                0x0000000000000068       0x38 build/TLC5947.o
 .debug_aranges
                0x00000000000000a0       0xd0 build/SID.o
 .debug_aranges
                0x0000000000000170       0x20 build/main.o
 .debug_aranges
                0x0000000000000190       0x78 build/stm32f3xx_it.o
 .debug_aranges
                0x0000000000000208       0x50 build/stm32f3xx_hal_msp.o
 .debug_aranges
                0x0000000000000258       0xc8 build/stm32f3xx_hal_adc.o
 .debug_aranges
                0x0000000000000320      0x168 build/stm32f3xx_hal_adc_ex.o
 .debug_aranges
                0x0000000000000488      0x1d8 build/stm32f3xx_hal_spi.o
 .debug_aranges
                0x0000000000000660      0x1f0 build/stm32f3xx_hal_uart.o
 .debug_aranges
                0x0000000000000850       0xe0 build/stm32f3xx_hal.o
 .debug_aranges
                0x0000000000000930       0x88 build/stm32f3xx_hal_rcc.o
 .debug_aranges
                0x00000000000009b8       0x38 build/stm32f3xx_hal_rcc_ex.o
 .debug_aranges
                0x00000000000009f0       0x58 build/stm32f3xx_hal_gpio.o
 .debug_aranges
                0x0000000000000a48       0x88 build/stm32f3xx_hal_dma.o
 .debug_aranges
                0x0000000000000ad0       0xa8 build/stm32f3xx_hal_cortex.o
 .debug_aranges
                0x0000000000000b78       0x28 build/system_stm32f3xx.o
 .debug_aranges
                0x0000000000000ba0       0x28 build/startup_stm32f303xc.o

.debug_ranges   0x0000000000000000      0xb60
 .debug_ranges  0x0000000000000000       0x58 build/MCUSetup.o
 .debug_ranges  0x0000000000000058       0x40 build/TLC5947.o
 .debug_ranges  0x0000000000000098       0xd8 build/SID.o
 .debug_ranges  0x0000000000000170       0x10 build/main.o
 .debug_ranges  0x0000000000000180       0x68 build/stm32f3xx_it.o
 .debug_ranges  0x00000000000001e8       0x40 build/stm32f3xx_hal_msp.o
 .debug_ranges  0x0000000000000228       0xb8 build/stm32f3xx_hal_adc.o
 .debug_ranges  0x00000000000002e0      0x158 build/stm32f3xx_hal_adc_ex.o
 .debug_ranges  0x0000000000000438      0x1c8 build/stm32f3xx_hal_spi.o
 .debug_ranges  0x0000000000000600      0x1e0 build/stm32f3xx_hal_uart.o
 .debug_ranges  0x00000000000007e0       0xd0 build/stm32f3xx_hal.o
 .debug_ranges  0x00000000000008b0       0x98 build/stm32f3xx_hal_rcc.o
 .debug_ranges  0x0000000000000948       0x40 build/stm32f3xx_hal_rcc_ex.o
 .debug_ranges  0x0000000000000988       0x48 build/stm32f3xx_hal_gpio.o
 .debug_ranges  0x00000000000009d0       0x78 build/stm32f3xx_hal_dma.o
 .debug_ranges  0x0000000000000a48       0xe0 build/stm32f3xx_hal_cortex.o
 .debug_ranges  0x0000000000000b28       0x18 build/system_stm32f3xx.o
 .debug_ranges  0x0000000000000b40       0x20 build/startup_stm32f303xc.o

.debug_line     0x0000000000000000     0xd079
 .debug_line    0x0000000000000000      0x9c4 build/MCUSetup.o
 .debug_line    0x00000000000009c4      0x354 build/TLC5947.o
 .debug_line    0x0000000000000d18      0x87e build/SID.o
 .debug_line    0x0000000000001596      0x2e5 build/main.o
 .debug_line    0x000000000000187b      0x315 build/stm32f3xx_it.o
 .debug_line    0x0000000000001b90      0x672 build/stm32f3xx_hal_msp.o
 .debug_line    0x0000000000002202      0x492 build/stm32f3xx_hal_adc.o
 .debug_line    0x0000000000002694     0x2905 build/stm32f3xx_hal_adc_ex.o
 .debug_line    0x0000000000004f99     0x26b3 build/stm32f3xx_hal_spi.o
 .debug_line    0x000000000000764c     0x1d00 build/stm32f3xx_hal_uart.o
 .debug_line    0x000000000000934c      0x524 build/stm32f3xx_hal.o
 .debug_line    0x0000000000009870     0x1146 build/stm32f3xx_hal_rcc.o
 .debug_line    0x000000000000a9b6      0xb66 build/stm32f3xx_hal_rcc_ex.o
 .debug_line    0x000000000000b51c      0x6eb build/stm32f3xx_hal_gpio.o
 .debug_line    0x000000000000bc07      0xa0b build/stm32f3xx_hal_dma.o
 .debug_line    0x000000000000c612      0x71d build/stm32f3xx_hal_cortex.o
 .debug_line    0x000000000000cd2f      0x2d6 build/system_stm32f3xx.o
 .debug_line    0x000000000000d005       0x74 build/startup_stm32f303xc.o

.debug_str      0x0000000000000000     0x3cb1
 .debug_str     0x0000000000000000     0x1763 build/MCUSetup.o
                                       0x18a4 (size before relaxing)
 .debug_str     0x0000000000001763       0xb5 build/TLC5947.o
                                        0x798 (size before relaxing)
 .debug_str     0x0000000000001818      0x2af build/SID.o
                                        0xd9a (size before relaxing)
 .debug_str     0x0000000000001ac7       0x77 build/main.o
                                       0x1122 (size before relaxing)
 .debug_str     0x0000000000001b3e      0x10d build/stm32f3xx_it.o
                                        0x95c (size before relaxing)
 .debug_str     0x0000000000001c4b       0xfe build/stm32f3xx_hal_msp.o
                                       0x10b7 (size before relaxing)
 .debug_str     0x0000000000001d49      0x204 build/stm32f3xx_hal_adc.o
                                        0xd73 (size before relaxing)
 .debug_str     0x0000000000001f4d      0x5fe build/stm32f3xx_hal_adc_ex.o
                                       0x138e (size before relaxing)
 .debug_str     0x000000000000254b      0x50c build/stm32f3xx_hal_spi.o
                                       0x102b (size before relaxing)
 .debug_str     0x0000000000002a57      0x6bd build/stm32f3xx_hal_uart.o
                                       0x12fa (size before relaxing)
 .debug_str     0x0000000000003114      0x250 build/stm32f3xx_hal.o
                                        0xddd (size before relaxing)
 .debug_str     0x0000000000003364      0x180 build/stm32f3xx_hal_rcc.o
                                        0xae5 (size before relaxing)
 .debug_str     0x00000000000034e4       0xc5 build/stm32f3xx_hal_rcc_ex.o
                                        0x9e7 (size before relaxing)
 .debug_str     0x00000000000035a9      0x10f build/stm32f3xx_hal_gpio.o
                                        0x906 (size before relaxing)
 .debug_str     0x00000000000036b8      0x1e6 build/stm32f3xx_hal_dma.o
                                        0xaed (size before relaxing)
 .debug_str     0x000000000000389e      0x3a1 build/stm32f3xx_hal_cortex.o
                                        0xffb (size before relaxing)
 .debug_str     0x0000000000003c3f       0x4d build/system_stm32f3xx.o
                                        0x762 (size before relaxing)
 .debug_str     0x0000000000003c8c       0x25 build/startup_stm32f303xc.o
                                         0x59 (size before relaxing)

.comment        0x0000000000000000       0x75
 .comment       0x0000000000000000       0x75 build/MCUSetup.o
                                         0x76 (size before relaxing)
 .comment       0x0000000000000075       0x76 build/TLC5947.o
 .comment       0x0000000000000075       0x76 build/SID.o
 .comment       0x0000000000000075       0x76 build/main.o
 .comment       0x0000000000000075       0x76 build/stm32f3xx_it.o
 .comment       0x0000000000000075       0x76 build/stm32f3xx_hal_msp.o
 .comment       0x0000000000000075       0x76 build/stm32f3xx_hal_adc.o
 .comment       0x0000000000000075       0x76 build/stm32f3xx_hal_adc_ex.o
 .comment       0x0000000000000075       0x76 build/stm32f3xx_hal_spi.o
 .comment       0x0000000000000075       0x76 build/stm32f3xx_hal_uart.o
 .comment       0x0000000000000075       0x76 build/stm32f3xx_hal.o
 .comment       0x0000000000000075       0x76 build/stm32f3xx_hal_rcc.o
 .comment       0x0000000000000075       0x76 build/stm32f3xx_hal_rcc_ex.o
 .comment       0x0000000000000075       0x76 build/stm32f3xx_hal_gpio.o
 .comment       0x0000000000000075       0x76 build/stm32f3xx_hal_dma.o
 .comment       0x0000000000000075       0x76 build/stm32f3xx_hal_cortex.o
 .comment       0x0000000000000075       0x76 build/system_stm32f3xx.o

.debug_frame    0x0000000000000000     0x2244
 .debug_frame   0x0000000000000000      0x160 build/MCUSetup.o
 .debug_frame   0x0000000000000160       0x60 build/TLC5947.o
 .debug_frame   0x00000000000001c0      0x298 build/SID.o
 .debug_frame   0x0000000000000458       0x30 build/main.o
 .debug_frame   0x0000000000000488      0x100 build/stm32f3xx_it.o
 .debug_frame   0x0000000000000588       0xe8 build/stm32f3xx_hal_msp.o
 .debug_frame   0x0000000000000670      0x170 build/stm32f3xx_hal_adc.o
 .debug_frame   0x00000000000007e0      0x578 build/stm32f3xx_hal_adc_ex.o
 .debug_frame   0x0000000000000d58      0x668 build/stm32f3xx_hal_spi.o
 .debug_frame   0x00000000000013c0      0x5f8 build/stm32f3xx_hal_uart.o
 .debug_frame   0x00000000000019b8      0x1e0 build/stm32f3xx_hal.o
 .debug_frame   0x0000000000001b98      0x19c build/stm32f3xx_hal_rcc.o
 .debug_frame   0x0000000000001d34       0x8c build/stm32f3xx_hal_rcc_ex.o
 .debug_frame   0x0000000000001dc0      0x10c build/stm32f3xx_hal_gpio.o
 .debug_frame   0x0000000000001ecc      0x190 build/stm32f3xx_hal_dma.o
 .debug_frame   0x000000000000205c      0x16c build/stm32f3xx_hal_cortex.o
 .debug_frame   0x00000000000021c8       0x30 build/system_stm32f3xx.o
 .debug_frame   0x00000000000021f8       0x2c /usr/local/gcc_arm/bin/../lib/gcc/arm-none-eabi/8.2.1/../../../../arm-none-eabi/lib/thumb/v7e-m+fp/hard/libc_nano.a(lib_a-init.o)
 .debug_frame   0x0000000000002224       0x20 /usr/local/gcc_arm/bin/../lib/gcc/arm-none-eabi/8.2.1/../../../../arm-none-eabi/lib/thumb/v7e-m+fp/hard/libc_nano.a(lib_a-memset.o)

Cross Reference Table

Symbol                                            File
ADC1Readings                                      build/main.o
ADC1_2_IRQHandler                                 build/startup_stm32f303xc.o
ADC3_IRQHandler                                   build/startup_stm32f303xc.o
ADC4_IRQHandler                                   build/startup_stm32f303xc.o
AHBPrescTable                                     build/system_stm32f3xx.o
                                                  build/stm32f3xx_hal_rcc.o
APBPrescTable                                     build/system_stm32f3xx.o
                                                  build/stm32f3xx_hal_rcc.o
BusFault_Handler                                  build/stm32f3xx_it.o
CAN_RX1_IRQHandler                                build/startup_stm32f303xc.o
CAN_SCE_IRQHandler                                build/startup_stm32f303xc.o
COMP1_2_3_IRQHandler                              build/startup_stm32f303xc.o
COMP4_5_6_IRQHandler                              build/startup_stm32f303xc.o
COMP7_IRQHandler                                  build/startup_stm32f303xc.o
DMA1_Channel1_IRQHandler                          build/stm32f3xx_it.o
DMA1_Channel2_IRQHandler                          build/startup_stm32f303xc.o
DMA1_Channel3_IRQHandler                          build/startup_stm32f303xc.o
DMA1_Channel4_IRQHandler                          build/startup_stm32f303xc.o
DMA1_Channel5_IRQHandler                          build/startup_stm32f303xc.o
DMA1_Channel6_IRQHandler                          build/startup_stm32f303xc.o
DMA1_Channel7_IRQHandler                          build/startup_stm32f303xc.o
DMA2_Channel1_IRQHandler                          build/startup_stm32f303xc.o
DMA2_Channel2_IRQHandler                          build/startup_stm32f303xc.o
DMA2_Channel3_IRQHandler                          build/stm32f3xx_it.o
DMA2_Channel4_IRQHandler                          build/startup_stm32f303xc.o
DMA2_Channel5_IRQHandler                          build/stm32f3xx_it.o
DebugMon_Handler                                  build/stm32f3xx_it.o
Default_Handler                                   build/startup_stm32f303xc.o
EXTI0_IRQHandler                                  build/startup_stm32f303xc.o
EXTI15_10_IRQHandler                              build/startup_stm32f303xc.o
EXTI1_IRQHandler                                  build/startup_stm32f303xc.o
EXTI2_TSC_IRQHandler                              build/startup_stm32f303xc.o
EXTI3_IRQHandler                                  build/startup_stm32f303xc.o
EXTI4_IRQHandler                                  build/startup_stm32f303xc.o
EXTI9_5_IRQHandler                                build/startup_stm32f303xc.o
Error_Handler                                     build/MCUSetup.o
                                                  build/stm32f3xx_hal_msp.o
FLASH_IRQHandler                                  build/startup_stm32f303xc.o
FLASH_PageErase                                   build/stm32f3xx_hal_flash_ex.o
                                                  build/stm32f3xx_hal_flash.o
FLASH_WaitForLastOperation                        build/stm32f3xx_hal_flash.o
                                                  build/stm32f3xx_hal_flash_ex.o
FPU_IRQHandler                                    build/startup_stm32f303xc.o
HAL_ADCEx_Calibration_GetValue                    build/stm32f3xx_hal_adc_ex.o
HAL_ADCEx_Calibration_SetValue                    build/stm32f3xx_hal_adc_ex.o
HAL_ADCEx_Calibration_Start                       build/stm32f3xx_hal_adc_ex.o
HAL_ADCEx_InjectedConfigChannel                   build/stm32f3xx_hal_adc_ex.o
HAL_ADCEx_InjectedConvCpltCallback                build/stm32f3xx_hal_adc_ex.o
HAL_ADCEx_InjectedGetValue                        build/stm32f3xx_hal_adc_ex.o
HAL_ADCEx_InjectedPollForConversion               build/stm32f3xx_hal_adc_ex.o
HAL_ADCEx_InjectedQueueOverflowCallback           build/stm32f3xx_hal_adc_ex.o
HAL_ADCEx_InjectedStart                           build/stm32f3xx_hal_adc_ex.o
HAL_ADCEx_InjectedStart_IT                        build/stm32f3xx_hal_adc_ex.o
HAL_ADCEx_InjectedStop                            build/stm32f3xx_hal_adc_ex.o
HAL_ADCEx_InjectedStop_IT                         build/stm32f3xx_hal_adc_ex.o
HAL_ADCEx_LevelOutOfWindow2Callback               build/stm32f3xx_hal_adc_ex.o
HAL_ADCEx_LevelOutOfWindow3Callback               build/stm32f3xx_hal_adc_ex.o
HAL_ADCEx_MultiModeConfigChannel                  build/stm32f3xx_hal_adc_ex.o
                                                  build/MCUSetup.o
HAL_ADCEx_MultiModeGetValue                       build/stm32f3xx_hal_adc_ex.o
HAL_ADCEx_MultiModeStart_DMA                      build/stm32f3xx_hal_adc_ex.o
HAL_ADCEx_MultiModeStop_DMA                       build/stm32f3xx_hal_adc_ex.o
HAL_ADCEx_RegularMultiModeStop_DMA                build/stm32f3xx_hal_adc_ex.o
HAL_ADCEx_RegularStop                             build/stm32f3xx_hal_adc_ex.o
HAL_ADCEx_RegularStop_DMA                         build/stm32f3xx_hal_adc_ex.o
HAL_ADCEx_RegularStop_IT                          build/stm32f3xx_hal_adc_ex.o
HAL_ADC_AnalogWDGConfig                           build/stm32f3xx_hal_adc_ex.o
                                                  build/stm32f3xx_hal_adc.o
HAL_ADC_ConfigChannel                             build/stm32f3xx_hal_adc_ex.o
                                                  build/stm32f3xx_hal_adc.o
                                                  build/MCUSetup.o
HAL_ADC_ConvCpltCallback                          build/stm32f3xx_hal_adc.o
                                                  build/stm32f3xx_hal_adc_ex.o
HAL_ADC_ConvHalfCpltCallback                      build/stm32f3xx_hal_adc.o
                                                  build/stm32f3xx_hal_adc_ex.o
HAL_ADC_DeInit                                    build/stm32f3xx_hal_adc_ex.o
                                                  build/stm32f3xx_hal_adc.o
HAL_ADC_ErrorCallback                             build/stm32f3xx_hal_adc.o
                                                  build/stm32f3xx_hal_adc_ex.o
HAL_ADC_GetError                                  build/stm32f3xx_hal_adc.o
HAL_ADC_GetState                                  build/stm32f3xx_hal_adc.o
HAL_ADC_GetValue                                  build/stm32f3xx_hal_adc_ex.o
                                                  build/stm32f3xx_hal_adc.o
HAL_ADC_IRQHandler                                build/stm32f3xx_hal_adc_ex.o
                                                  build/stm32f3xx_hal_adc.o
HAL_ADC_Init                                      build/stm32f3xx_hal_adc_ex.o
                                                  build/stm32f3xx_hal_adc.o
                                                  build/MCUSetup.o
HAL_ADC_LevelOutOfWindowCallback                  build/stm32f3xx_hal_adc.o
                                                  build/stm32f3xx_hal_adc_ex.o
HAL_ADC_MspDeInit                                 build/stm32f3xx_hal_msp.o
                                                  build/stm32f3xx_hal_adc_ex.o
HAL_ADC_MspInit                                   build/stm32f3xx_hal_msp.o
                                                  build/stm32f3xx_hal_adc_ex.o
HAL_ADC_PollForConversion                         build/stm32f3xx_hal_adc_ex.o
                                                  build/stm32f3xx_hal_adc.o
HAL_ADC_PollForEvent                              build/stm32f3xx_hal_adc_ex.o
                                                  build/stm32f3xx_hal_adc.o
HAL_ADC_Start                                     build/stm32f3xx_hal_adc_ex.o
                                                  build/stm32f3xx_hal_adc.o
HAL_ADC_Start_DMA                                 build/stm32f3xx_hal_adc_ex.o
                                                  build/stm32f3xx_hal_adc.o
                                                  build/main.o
HAL_ADC_Start_IT                                  build/stm32f3xx_hal_adc_ex.o
                                                  build/stm32f3xx_hal_adc.o
HAL_ADC_Stop                                      build/stm32f3xx_hal_adc_ex.o
                                                  build/stm32f3xx_hal_adc.o
HAL_ADC_Stop_DMA                                  build/stm32f3xx_hal_adc_ex.o
                                                  build/stm32f3xx_hal_adc.o
HAL_ADC_Stop_IT                                   build/stm32f3xx_hal_adc_ex.o
                                                  build/stm32f3xx_hal_adc.o
HAL_DBGMCU_DisableDBGSleepMode                    build/stm32f3xx_hal.o
HAL_DBGMCU_DisableDBGStandbyMode                  build/stm32f3xx_hal.o
HAL_DBGMCU_DisableDBGStopMode                     build/stm32f3xx_hal.o
HAL_DBGMCU_EnableDBGSleepMode                     build/stm32f3xx_hal.o
HAL_DBGMCU_EnableDBGStandbyMode                   build/stm32f3xx_hal.o
HAL_DBGMCU_EnableDBGStopMode                      build/stm32f3xx_hal.o
HAL_DMA_Abort                                     build/stm32f3xx_hal_dma.o
                                                  build/stm32f3xx_hal_uart.o
                                                  build/stm32f3xx_hal_spi.o
                                                  build/stm32f3xx_hal_adc_ex.o
HAL_DMA_Abort_IT                                  build/stm32f3xx_hal_dma.o
                                                  build/stm32f3xx_hal_i2c.o
                                                  build/stm32f3xx_hal_uart.o
                                                  build/stm32f3xx_hal_spi.o
HAL_DMA_DeInit                                    build/stm32f3xx_hal_dma.o
                                                  build/stm32f3xx_hal_msp.o
HAL_DMA_GetError                                  build/stm32f3xx_hal_dma.o
HAL_DMA_GetState                                  build/stm32f3xx_hal_dma.o
HAL_DMA_IRQHandler                                build/stm32f3xx_hal_dma.o
                                                  build/stm32f3xx_it.o
HAL_DMA_Init                                      build/stm32f3xx_hal_dma.o
                                                  build/stm32f3xx_hal_msp.o
HAL_DMA_PollForTransfer                           build/stm32f3xx_hal_dma.o
HAL_DMA_RegisterCallback                          build/stm32f3xx_hal_dma.o
HAL_DMA_Start                                     build/stm32f3xx_hal_dma.o
HAL_DMA_Start_IT                                  build/stm32f3xx_hal_dma.o
                                                  build/stm32f3xx_hal_i2c.o
                                                  build/stm32f3xx_hal_uart.o
                                                  build/stm32f3xx_hal_spi.o
                                                  build/stm32f3xx_hal_adc_ex.o
HAL_DMA_UnRegisterCallback                        build/stm32f3xx_hal_dma.o
HAL_DeInit                                        build/stm32f3xx_hal.o
HAL_Delay                                         build/stm32f3xx_hal.o
                                                  build/SID.o
HAL_FLASHEx_Erase                                 build/stm32f3xx_hal_flash_ex.o
HAL_FLASHEx_Erase_IT                              build/stm32f3xx_hal_flash_ex.o
HAL_FLASHEx_OBErase                               build/stm32f3xx_hal_flash_ex.o
HAL_FLASHEx_OBGetConfig                           build/stm32f3xx_hal_flash_ex.o
HAL_FLASHEx_OBGetUserData                         build/stm32f3xx_hal_flash_ex.o
HAL_FLASHEx_OBProgram                             build/stm32f3xx_hal_flash_ex.o
HAL_FLASH_EndOfOperationCallback                  build/stm32f3xx_hal_flash.o
HAL_FLASH_GetError                                build/stm32f3xx_hal_flash.o
HAL_FLASH_IRQHandler                              build/stm32f3xx_hal_flash.o
HAL_FLASH_Lock                                    build/stm32f3xx_hal_flash.o
HAL_FLASH_OB_Launch                               build/stm32f3xx_hal_flash.o
HAL_FLASH_OB_Lock                                 build/stm32f3xx_hal_flash.o
HAL_FLASH_OB_Unlock                               build/stm32f3xx_hal_flash.o
HAL_FLASH_OperationErrorCallback                  build/stm32f3xx_hal_flash.o
HAL_FLASH_Program                                 build/stm32f3xx_hal_flash.o
HAL_FLASH_Program_IT                              build/stm32f3xx_hal_flash.o
HAL_FLASH_Unlock                                  build/stm32f3xx_hal_flash.o
HAL_GPIO_DeInit                                   build/stm32f3xx_hal_gpio.o
                                                  build/stm32f3xx_hal_msp.o
HAL_GPIO_EXTI_Callback                            build/stm32f3xx_hal_gpio.o
HAL_GPIO_EXTI_IRQHandler                          build/stm32f3xx_hal_gpio.o
HAL_GPIO_Init                                     build/stm32f3xx_hal_gpio.o
                                                  build/stm32f3xx_hal_rcc.o
                                                  build/stm32f3xx_hal_msp.o
                                                  build/MCUSetup.o
HAL_GPIO_LockPin                                  build/stm32f3xx_hal_gpio.o
HAL_GPIO_ReadPin                                  build/stm32f3xx_hal_gpio.o
HAL_GPIO_TogglePin                                build/stm32f3xx_hal_gpio.o
HAL_GPIO_WritePin                                 build/stm32f3xx_hal_gpio.o
                                                  build/main.o
                                                  build/SID.o
                                                  build/TLC5947.o
                                                  build/MCUSetup.o
HAL_GetDEVID                                      build/stm32f3xx_hal.o
HAL_GetHalVersion                                 build/stm32f3xx_hal.o
HAL_GetREVID                                      build/stm32f3xx_hal.o
HAL_GetTick                                       build/stm32f3xx_hal.o
                                                  build/stm32f3xx_hal_i2c.o
                                                  build/stm32f3xx_hal_flash.o
                                                  build/stm32f3xx_hal_dma.o
                                                  build/stm32f3xx_hal_rcc_ex.o
                                                  build/stm32f3xx_hal_rcc.o
                                                  build/stm32f3xx_hal_uart_ex.o
                                                  build/stm32f3xx_hal_uart.o
                                                  build/stm32f3xx_hal_spi.o
                                                  build/stm32f3xx_hal_adc_ex.o
HAL_GetTickFreq                                   build/stm32f3xx_hal.o
HAL_GetTickPrio                                   build/stm32f3xx_hal.o
HAL_GetUIDw0                                      build/stm32f3xx_hal.o
HAL_GetUIDw1                                      build/stm32f3xx_hal.o
HAL_GetUIDw2                                      build/stm32f3xx_hal.o
HAL_HalfDuplex_EnableReceiver                     build/stm32f3xx_hal_uart.o
HAL_HalfDuplex_EnableTransmitter                  build/stm32f3xx_hal_uart.o
HAL_HalfDuplex_Init                               build/stm32f3xx_hal_uart.o
HAL_I2CEx_ConfigAnalogFilter                      build/stm32f3xx_hal_i2c_ex.o
HAL_I2CEx_ConfigDigitalFilter                     build/stm32f3xx_hal_i2c_ex.o
HAL_I2CEx_DisableFastModePlus                     build/stm32f3xx_hal_i2c_ex.o
HAL_I2CEx_DisableWakeUp                           build/stm32f3xx_hal_i2c_ex.o
HAL_I2CEx_EnableFastModePlus                      build/stm32f3xx_hal_i2c_ex.o
HAL_I2CEx_EnableWakeUp                            build/stm32f3xx_hal_i2c_ex.o
HAL_I2C_AbortCpltCallback                         build/stm32f3xx_hal_i2c.o
HAL_I2C_AddrCallback                              build/stm32f3xx_hal_i2c.o
HAL_I2C_DeInit                                    build/stm32f3xx_hal_i2c.o
HAL_I2C_DisableListen_IT                          build/stm32f3xx_hal_i2c.o
HAL_I2C_ER_IRQHandler                             build/stm32f3xx_hal_i2c.o
HAL_I2C_EV_IRQHandler                             build/stm32f3xx_hal_i2c.o
HAL_I2C_EnableListen_IT                           build/stm32f3xx_hal_i2c.o
HAL_I2C_ErrorCallback                             build/stm32f3xx_hal_i2c.o
HAL_I2C_GetError                                  build/stm32f3xx_hal_i2c.o
HAL_I2C_GetMode                                   build/stm32f3xx_hal_i2c.o
HAL_I2C_GetState                                  build/stm32f3xx_hal_i2c.o
HAL_I2C_Init                                      build/stm32f3xx_hal_i2c.o
HAL_I2C_IsDeviceReady                             build/stm32f3xx_hal_i2c.o
HAL_I2C_ListenCpltCallback                        build/stm32f3xx_hal_i2c.o
HAL_I2C_MasterRxCpltCallback                      build/stm32f3xx_hal_i2c.o
HAL_I2C_MasterTxCpltCallback                      build/stm32f3xx_hal_i2c.o
HAL_I2C_Master_Abort_IT                           build/stm32f3xx_hal_i2c.o
HAL_I2C_Master_Receive                            build/stm32f3xx_hal_i2c.o
HAL_I2C_Master_Receive_DMA                        build/stm32f3xx_hal_i2c.o
HAL_I2C_Master_Receive_IT                         build/stm32f3xx_hal_i2c.o
HAL_I2C_Master_Sequential_Receive_IT              build/stm32f3xx_hal_i2c.o
HAL_I2C_Master_Sequential_Transmit_IT             build/stm32f3xx_hal_i2c.o
HAL_I2C_Master_Transmit                           build/stm32f3xx_hal_i2c.o
HAL_I2C_Master_Transmit_DMA                       build/stm32f3xx_hal_i2c.o
HAL_I2C_Master_Transmit_IT                        build/stm32f3xx_hal_i2c.o
HAL_I2C_MemRxCpltCallback                         build/stm32f3xx_hal_i2c.o
HAL_I2C_MemTxCpltCallback                         build/stm32f3xx_hal_i2c.o
HAL_I2C_Mem_Read                                  build/stm32f3xx_hal_i2c.o
HAL_I2C_Mem_Read_DMA                              build/stm32f3xx_hal_i2c.o
HAL_I2C_Mem_Read_IT                               build/stm32f3xx_hal_i2c.o
HAL_I2C_Mem_Write                                 build/stm32f3xx_hal_i2c.o
HAL_I2C_Mem_Write_DMA                             build/stm32f3xx_hal_i2c.o
HAL_I2C_Mem_Write_IT                              build/stm32f3xx_hal_i2c.o
HAL_I2C_MspDeInit                                 build/stm32f3xx_hal_i2c.o
HAL_I2C_MspInit                                   build/stm32f3xx_hal_i2c.o
HAL_I2C_SlaveRxCpltCallback                       build/stm32f3xx_hal_i2c.o
HAL_I2C_SlaveTxCpltCallback                       build/stm32f3xx_hal_i2c.o
HAL_I2C_Slave_Receive                             build/stm32f3xx_hal_i2c.o
HAL_I2C_Slave_Receive_DMA                         build/stm32f3xx_hal_i2c.o
HAL_I2C_Slave_Receive_IT                          build/stm32f3xx_hal_i2c.o
HAL_I2C_Slave_Sequential_Receive_IT               build/stm32f3xx_hal_i2c.o
HAL_I2C_Slave_Sequential_Transmit_IT              build/stm32f3xx_hal_i2c.o
HAL_I2C_Slave_Transmit                            build/stm32f3xx_hal_i2c.o
HAL_I2C_Slave_Transmit_DMA                        build/stm32f3xx_hal_i2c.o
HAL_I2C_Slave_Transmit_IT                         build/stm32f3xx_hal_i2c.o
HAL_IncTick                                       build/stm32f3xx_hal.o
                                                  build/stm32f3xx_it.o
HAL_Init                                          build/stm32f3xx_hal.o
                                                  build/MCUSetup.o
HAL_InitTick                                      build/stm32f3xx_hal.o
                                                  build/stm32f3xx_hal_rcc.o
HAL_LIN_Init                                      build/stm32f3xx_hal_uart.o
HAL_LIN_SendBreak                                 build/stm32f3xx_hal_uart.o
HAL_MPU_ConfigRegion                              build/stm32f3xx_hal_cortex.o
HAL_MPU_Disable                                   build/stm32f3xx_hal_cortex.o
HAL_MPU_Enable                                    build/stm32f3xx_hal_cortex.o
HAL_MspDeInit                                     build/stm32f3xx_hal.o
HAL_MspInit                                       build/stm32f3xx_hal_msp.o
HAL_MultiProcessorEx_AddressLength_Set            build/stm32f3xx_hal_uart_ex.o
HAL_MultiProcessor_DisableMuteMode                build/stm32f3xx_hal_uart.o
HAL_MultiProcessor_EnableMuteMode                 build/stm32f3xx_hal_uart.o
HAL_MultiProcessor_EnterMuteMode                  build/stm32f3xx_hal_uart.o
HAL_MultiProcessor_Init                           build/stm32f3xx_hal_uart.o
HAL_NVIC_ClearPendingIRQ                          build/stm32f3xx_hal_cortex.o
HAL_NVIC_DisableIRQ                               build/stm32f3xx_hal_cortex.o
HAL_NVIC_EnableIRQ                                build/stm32f3xx_hal_cortex.o
                                                  build/MCUSetup.o
HAL_NVIC_GetActive                                build/stm32f3xx_hal_cortex.o
HAL_NVIC_GetPendingIRQ                            build/stm32f3xx_hal_cortex.o
HAL_NVIC_GetPriority                              build/stm32f3xx_hal_cortex.o
HAL_NVIC_GetPriorityGrouping                      build/stm32f3xx_hal_cortex.o
HAL_NVIC_SetPendingIRQ                            build/stm32f3xx_hal_cortex.o
HAL_NVIC_SetPriority                              build/stm32f3xx_hal_cortex.o
                                                  build/stm32f3xx_hal.o
                                                  build/MCUSetup.o
HAL_NVIC_SetPriorityGrouping                      build/stm32f3xx_hal_cortex.o
                                                  build/stm32f3xx_hal.o
HAL_NVIC_SystemReset                              build/stm32f3xx_hal_cortex.o
HAL_PWR_ConfigPVD                                 build/stm32f3xx_hal_pwr_ex.o
HAL_PWR_DeInit                                    build/stm32f3xx_hal_pwr.o
HAL_PWR_DisableBkUpAccess                         build/stm32f3xx_hal_pwr.o
HAL_PWR_DisablePVD                                build/stm32f3xx_hal_pwr_ex.o
HAL_PWR_DisableSEVOnPend                          build/stm32f3xx_hal_pwr.o
HAL_PWR_DisableSleepOnExit                        build/stm32f3xx_hal_pwr.o
HAL_PWR_DisableWakeUpPin                          build/stm32f3xx_hal_pwr.o
HAL_PWR_EnableBkUpAccess                          build/stm32f3xx_hal_pwr.o
HAL_PWR_EnablePVD                                 build/stm32f3xx_hal_pwr_ex.o
HAL_PWR_EnableSEVOnPend                           build/stm32f3xx_hal_pwr.o
HAL_PWR_EnableSleepOnExit                         build/stm32f3xx_hal_pwr.o
HAL_PWR_EnableWakeUpPin                           build/stm32f3xx_hal_pwr.o
HAL_PWR_EnterSLEEPMode                            build/stm32f3xx_hal_pwr.o
HAL_PWR_EnterSTANDBYMode                          build/stm32f3xx_hal_pwr.o
HAL_PWR_EnterSTOPMode                             build/stm32f3xx_hal_pwr.o
HAL_PWR_PVDCallback                               build/stm32f3xx_hal_pwr_ex.o
HAL_PWR_PVD_IRQHandler                            build/stm32f3xx_hal_pwr_ex.o
HAL_RCCEx_GetPeriphCLKConfig                      build/stm32f3xx_hal_rcc_ex.o
HAL_RCCEx_GetPeriphCLKFreq                        build/stm32f3xx_hal_rcc_ex.o
HAL_RCCEx_PeriphCLKConfig                         build/stm32f3xx_hal_rcc_ex.o
                                                  build/MCUSetup.o
HAL_RCC_CSSCallback                               build/stm32f3xx_hal_rcc.o
HAL_RCC_ClockConfig                               build/stm32f3xx_hal_rcc.o
                                                  build/MCUSetup.o
HAL_RCC_DeInit                                    build/stm32f3xx_hal_rcc.o
HAL_RCC_DisableCSS                                build/stm32f3xx_hal_rcc.o
HAL_RCC_EnableCSS                                 build/stm32f3xx_hal_rcc.o
HAL_RCC_GetClockConfig                            build/stm32f3xx_hal_rcc.o
HAL_RCC_GetHCLKFreq                               build/stm32f3xx_hal_rcc.o
HAL_RCC_GetOscConfig                              build/stm32f3xx_hal_rcc.o
HAL_RCC_GetPCLK1Freq                              build/stm32f3xx_hal_rcc.o
                                                  build/stm32f3xx_hal_rcc_ex.o
                                                  build/stm32f3xx_hal_uart.o
HAL_RCC_GetPCLK2Freq                              build/stm32f3xx_hal_rcc.o
                                                  build/stm32f3xx_hal_rcc_ex.o
                                                  build/stm32f3xx_hal_uart.o
HAL_RCC_GetSysClockFreq                           build/stm32f3xx_hal_rcc.o
                                                  build/stm32f3xx_hal_rcc_ex.o
                                                  build/stm32f3xx_hal_uart.o
HAL_RCC_MCOConfig                                 build/stm32f3xx_hal_rcc.o
HAL_RCC_NMI_IRQHandler                            build/stm32f3xx_hal_rcc.o
HAL_RCC_OscConfig                                 build/stm32f3xx_hal_rcc.o
                                                  build/MCUSetup.o
HAL_RS485Ex_Init                                  build/stm32f3xx_hal_uart_ex.o
HAL_ResumeTick                                    build/stm32f3xx_hal.o
HAL_SPIEx_FlushRxFifo                             build/stm32f3xx_hal_spi_ex.o
HAL_SPI_Abort                                     build/stm32f3xx_hal_spi.o
HAL_SPI_AbortCpltCallback                         build/stm32f3xx_hal_spi.o
HAL_SPI_Abort_IT                                  build/stm32f3xx_hal_spi.o
HAL_SPI_DMAPause                                  build/stm32f3xx_hal_spi.o
HAL_SPI_DMAResume                                 build/stm32f3xx_hal_spi.o
HAL_SPI_DMAStop                                   build/stm32f3xx_hal_spi.o
HAL_SPI_DeInit                                    build/stm32f3xx_hal_spi.o
HAL_SPI_ErrorCallback                             build/stm32f3xx_hal_spi.o
HAL_SPI_GetError                                  build/stm32f3xx_hal_spi.o
HAL_SPI_GetState                                  build/stm32f3xx_hal_spi.o
HAL_SPI_IRQHandler                                build/stm32f3xx_hal_spi.o
HAL_SPI_Init                                      build/stm32f3xx_hal_spi.o
                                                  build/MCUSetup.o
HAL_SPI_MspDeInit                                 build/stm32f3xx_hal_msp.o
HAL_SPI_MspInit                                   build/stm32f3xx_hal_msp.o
HAL_SPI_Receive                                   build/stm32f3xx_hal_spi.o
HAL_SPI_Receive_DMA                               build/stm32f3xx_hal_spi.o
HAL_SPI_Receive_IT                                build/stm32f3xx_hal_spi.o
HAL_SPI_RxCpltCallback                            build/stm32f3xx_hal_spi.o
HAL_SPI_RxHalfCpltCallback                        build/stm32f3xx_hal_spi.o
HAL_SPI_Transmit                                  build/stm32f3xx_hal_spi.o
                                                  build/SID.o
HAL_SPI_TransmitReceive                           build/stm32f3xx_hal_spi.o
HAL_SPI_TransmitReceive_DMA                       build/stm32f3xx_hal_spi.o
HAL_SPI_TransmitReceive_IT                        build/stm32f3xx_hal_spi.o
HAL_SPI_Transmit_DMA                              build/stm32f3xx_hal_spi.o
HAL_SPI_Transmit_IT                               build/stm32f3xx_hal_spi.o
HAL_SPI_TxCpltCallback                            build/stm32f3xx_hal_spi.o
HAL_SPI_TxHalfCpltCallback                        build/stm32f3xx_hal_spi.o
HAL_SPI_TxRxCpltCallback                          build/stm32f3xx_hal_spi.o
HAL_SPI_TxRxHalfCpltCallback                      build/stm32f3xx_hal_spi.o
HAL_SYSTICK_CLKSourceConfig                       build/stm32f3xx_hal_cortex.o
HAL_SYSTICK_Callback                              build/stm32f3xx_hal_cortex.o
HAL_SYSTICK_Config                                build/stm32f3xx_hal_cortex.o
                                                  build/stm32f3xx_hal.o
HAL_SYSTICK_IRQHandler                            build/stm32f3xx_hal_cortex.o
HAL_SetTickFreq                                   build/stm32f3xx_hal.o
HAL_SuspendTick                                   build/stm32f3xx_hal.o
HAL_UARTEx_DisableStopMode                        build/stm32f3xx_hal_uart_ex.o
HAL_UARTEx_EnableStopMode                         build/stm32f3xx_hal_uart_ex.o
HAL_UARTEx_StopModeWakeUpSourceConfig             build/stm32f3xx_hal_uart_ex.o
HAL_UARTEx_WakeupCallback                         build/stm32f3xx_hal_uart_ex.o
                                                  build/stm32f3xx_hal_uart.o
HAL_UART_Abort                                    build/stm32f3xx_hal_uart.o
HAL_UART_AbortCpltCallback                        build/stm32f3xx_hal_uart.o
HAL_UART_AbortReceive                             build/stm32f3xx_hal_uart.o
HAL_UART_AbortReceiveCpltCallback                 build/stm32f3xx_hal_uart.o
HAL_UART_AbortReceive_IT                          build/stm32f3xx_hal_uart.o
HAL_UART_AbortTransmit                            build/stm32f3xx_hal_uart.o
HAL_UART_AbortTransmitCpltCallback                build/stm32f3xx_hal_uart.o
HAL_UART_AbortTransmit_IT                         build/stm32f3xx_hal_uart.o
HAL_UART_Abort_IT                                 build/stm32f3xx_hal_uart.o
HAL_UART_DMAPause                                 build/stm32f3xx_hal_uart.o
HAL_UART_DMAResume                                build/stm32f3xx_hal_uart.o
HAL_UART_DMAStop                                  build/stm32f3xx_hal_uart.o
HAL_UART_DeInit                                   build/stm32f3xx_hal_uart.o
HAL_UART_ErrorCallback                            build/stm32f3xx_hal_uart.o
HAL_UART_GetError                                 build/stm32f3xx_hal_uart.o
HAL_UART_GetState                                 build/stm32f3xx_hal_uart.o
HAL_UART_IRQHandler                               build/stm32f3xx_hal_uart.o
HAL_UART_Init                                     build/stm32f3xx_hal_uart.o
                                                  build/MCUSetup.o
HAL_UART_MspDeInit                                build/stm32f3xx_hal_msp.o
HAL_UART_MspInit                                  build/stm32f3xx_hal_msp.o
                                                  build/stm32f3xx_hal_uart_ex.o
HAL_UART_Receive                                  build/stm32f3xx_hal_uart.o
HAL_UART_Receive_DMA                              build/stm32f3xx_hal_uart.o
HAL_UART_Receive_IT                               build/stm32f3xx_hal_uart.o
HAL_UART_RxCpltCallback                           build/stm32f3xx_hal_uart.o
HAL_UART_RxHalfCpltCallback                       build/stm32f3xx_hal_uart.o
HAL_UART_Transmit                                 build/stm32f3xx_hal_uart.o
HAL_UART_Transmit_DMA                             build/stm32f3xx_hal_uart.o
HAL_UART_Transmit_IT                              build/stm32f3xx_hal_uart.o
HAL_UART_TxCpltCallback                           build/stm32f3xx_hal_uart.o
HAL_UART_TxHalfCpltCallback                       build/stm32f3xx_hal_uart.o
HardFault_Handler                                 build/stm32f3xx_it.o
I2C1_ER_IRQHandler                                build/startup_stm32f303xc.o
I2C1_EV_IRQHandler                                build/startup_stm32f303xc.o
I2C2_ER_IRQHandler                                build/startup_stm32f303xc.o
I2C2_EV_IRQHandler                                build/startup_stm32f303xc.o
MCU_Setup                                         build/MCUSetup.o
                                                  build/main.o
MemManage_Handler                                 build/stm32f3xx_it.o
NMI_Handler                                       build/stm32f3xx_it.o
PVD_IRQHandler                                    build/startup_stm32f303xc.o
PendSV_Handler                                    build/stm32f3xx_it.o
RCC_IRQHandler                                    build/startup_stm32f303xc.o
RTC_Alarm_IRQHandler                              build/startup_stm32f303xc.o
RTC_WKUP_IRQHandler                               build/startup_stm32f303xc.o
Reset_Handler                                     build/startup_stm32f303xc.o
SPI1_IRQHandler                                   build/startup_stm32f303xc.o
SPI2_IRQHandler                                   build/startup_stm32f303xc.o
SPI3_IRQHandler                                   build/startup_stm32f303xc.o
SVC_Handler                                       build/stm32f3xx_it.o
SysTick_Handler                                   build/stm32f3xx_it.o
SystemClock_Config                                build/MCUSetup.o
SystemCoreClock                                   build/system_stm32f3xx.o
                                                  build/stm32f3xx_hal_rcc_ex.o
                                                  build/stm32f3xx_hal_rcc.o
                                                  build/stm32f3xx_hal.o
                                                  build/stm32f3xx_hal_spi.o
                                                  build/stm32f3xx_hal_adc_ex.o
SystemCoreClockUpdate                             build/system_stm32f3xx.o
SystemInit                                        build/system_stm32f3xx.o
                                                  build/startup_stm32f303xc.o
TAMP_STAMP_IRQHandler                             build/startup_stm32f303xc.o
TIM1_BRK_TIM15_IRQHandler                         build/startup_stm32f303xc.o
TIM1_CC_IRQHandler                                build/startup_stm32f303xc.o
TIM1_TRG_COM_TIM17_IRQHandler                     build/startup_stm32f303xc.o
TIM1_UP_TIM16_IRQHandler                          build/startup_stm32f303xc.o
TIM2_IRQHandler                                   build/startup_stm32f303xc.o
TIM3_IRQHandler                                   build/startup_stm32f303xc.o
TIM4_IRQHandler                                   build/startup_stm32f303xc.o
TIM6_DAC_IRQHandler                               build/startup_stm32f303xc.o
TIM7_IRQHandler                                   build/startup_stm32f303xc.o
TIM8_BRK_IRQHandler                               build/startup_stm32f303xc.o
TIM8_CC_IRQHandler                                build/startup_stm32f303xc.o
TIM8_TRG_COM_IRQHandler                           build/startup_stm32f303xc.o
TIM8_UP_IRQHandler                                build/startup_stm32f303xc.o
UART4_IRQHandler                                  build/startup_stm32f303xc.o
UART5_IRQHandler                                  build/startup_stm32f303xc.o
UART_AdvFeatureConfig                             build/stm32f3xx_hal_uart.o
                                                  build/stm32f3xx_hal_uart_ex.o
UART_CheckIdleState                               build/stm32f3xx_hal_uart.o
                                                  build/stm32f3xx_hal_uart_ex.o
UART_EndTransmit_IT                               build/stm32f3xx_hal_uart.o
UART_Receive_IT                                   build/stm32f3xx_hal_uart.o
UART_SetConfig                                    build/stm32f3xx_hal_uart.o
                                                  build/stm32f3xx_hal_uart_ex.o
UART_Transmit_IT                                  build/stm32f3xx_hal_uart.o
UART_WaitOnFlagUntilTimeout                       build/stm32f3xx_hal_uart.o
                                                  build/stm32f3xx_hal_uart_ex.o
UART_Wakeup_AddressConfig                         build/stm32f3xx_hal_uart.o
                                                  build/stm32f3xx_hal_uart_ex.o
USART1_IRQHandler                                 build/startup_stm32f303xc.o
USART2_IRQHandler                                 build/startup_stm32f303xc.o
USART3_IRQHandler                                 build/startup_stm32f303xc.o
USBWakeUp_IRQHandler                              build/startup_stm32f303xc.o
USBWakeUp_RMP_IRQHandler                          build/startup_stm32f303xc.o
USB_HP_CAN_TX_IRQHandler                          build/startup_stm32f303xc.o
USB_HP_IRQHandler                                 build/startup_stm32f303xc.o
USB_LP_CAN_RX0_IRQHandler                         build/startup_stm32f303xc.o
USB_LP_IRQHandler                                 build/startup_stm32f303xc.o
UsageFault_Handler                                build/stm32f3xx_it.o
WWDG_IRQHandler                                   build/startup_stm32f303xc.o
__bss_end__                                       /usr/local/gcc_arm/bin/../lib/gcc/arm-none-eabi/8.2.1/../../../../arm-none-eabi/lib/thumb/v7e-m+fp/hard/crt0.o
__bss_start__                                     /usr/local/gcc_arm/bin/../lib/gcc/arm-none-eabi/8.2.1/../../../../arm-none-eabi/lib/thumb/v7e-m+fp/hard/crt0.o
__call_exitprocs                                  /usr/local/gcc_arm/bin/../lib/gcc/arm-none-eabi/8.2.1/../../../../arm-none-eabi/lib/thumb/v7e-m+fp/hard/libc_nano.a(lib_a-exit.o)
__deregister_frame_info                           /usr/local/gcc_arm/bin/../lib/gcc/arm-none-eabi/8.2.1/thumb/v7e-m+fp/hard/crtbegin.o
__dso_handle                                      /usr/local/gcc_arm/bin/../lib/gcc/arm-none-eabi/8.2.1/thumb/v7e-m+fp/hard/crtbegin.o
__init_array_end                                  /usr/local/gcc_arm/bin/../lib/gcc/arm-none-eabi/8.2.1/../../../../arm-none-eabi/lib/thumb/v7e-m+fp/hard/libc_nano.a(lib_a-init.o)
__init_array_start                                /usr/local/gcc_arm/bin/../lib/gcc/arm-none-eabi/8.2.1/../../../../arm-none-eabi/lib/thumb/v7e-m+fp/hard/libc_nano.a(lib_a-init.o)
__libc_fini_array                                 /usr/local/gcc_arm/bin/../lib/gcc/arm-none-eabi/8.2.1/../../../../arm-none-eabi/lib/thumb/v7e-m+fp/hard/crt0.o
__libc_init_array                                 /usr/local/gcc_arm/bin/../lib/gcc/arm-none-eabi/8.2.1/../../../../arm-none-eabi/lib/thumb/v7e-m+fp/hard/libc_nano.a(lib_a-init.o)
                                                  build/startup_stm32f303xc.o
                                                  /usr/local/gcc_arm/bin/../lib/gcc/arm-none-eabi/8.2.1/../../../../arm-none-eabi/lib/thumb/v7e-m+fp/hard/crt0.o
__preinit_array_end                               /usr/local/gcc_arm/bin/../lib/gcc/arm-none-eabi/8.2.1/../../../../arm-none-eabi/lib/thumb/v7e-m+fp/hard/libc_nano.a(lib_a-init.o)
__preinit_array_start                             /usr/local/gcc_arm/bin/../lib/gcc/arm-none-eabi/8.2.1/../../../../arm-none-eabi/lib/thumb/v7e-m+fp/hard/libc_nano.a(lib_a-init.o)
__register_frame_info                             /usr/local/gcc_arm/bin/../lib/gcc/arm-none-eabi/8.2.1/thumb/v7e-m+fp/hard/crtbegin.o
__sf_fake_stderr                                  /usr/local/gcc_arm/bin/../lib/gcc/arm-none-eabi/8.2.1/../../../../arm-none-eabi/lib/thumb/v7e-m+fp/hard/libc_nano.a(lib_a-impure.o)
__sf_fake_stdin                                   /usr/local/gcc_arm/bin/../lib/gcc/arm-none-eabi/8.2.1/../../../../arm-none-eabi/lib/thumb/v7e-m+fp/hard/libc_nano.a(lib_a-impure.o)
__sf_fake_stdout                                  /usr/local/gcc_arm/bin/../lib/gcc/arm-none-eabi/8.2.1/../../../../arm-none-eabi/lib/thumb/v7e-m+fp/hard/libc_nano.a(lib_a-impure.o)
__stack                                           /usr/local/gcc_arm/bin/../lib/gcc/arm-none-eabi/8.2.1/../../../../arm-none-eabi/lib/thumb/v7e-m+fp/hard/crt0.o
_buffer                                           build/TLC5947.o
_ebss                                             build/startup_stm32f303xc.o
_edata                                            build/startup_stm32f303xc.o
_estack                                           build/startup_stm32f303xc.o
_exit                                             /usr/local/gcc_arm/bin/../lib/gcc/arm-none-eabi/8.2.1/../../../../arm-none-eabi/lib/thumb/v7e-m+fp/hard/libnosys.a(_exit.o)
                                                  /usr/local/gcc_arm/bin/../lib/gcc/arm-none-eabi/8.2.1/../../../../arm-none-eabi/lib/thumb/v7e-m+fp/hard/libc_nano.a(lib_a-exit.o)
_fini                                             /usr/local/gcc_arm/bin/../lib/gcc/arm-none-eabi/8.2.1/thumb/v7e-m+fp/hard/crti.o
_global_impure_ptr                                /usr/local/gcc_arm/bin/../lib/gcc/arm-none-eabi/8.2.1/../../../../arm-none-eabi/lib/thumb/v7e-m+fp/hard/libc_nano.a(lib_a-impure.o)
                                                  /usr/local/gcc_arm/bin/../lib/gcc/arm-none-eabi/8.2.1/../../../../arm-none-eabi/lib/thumb/v7e-m+fp/hard/libc_nano.a(lib_a-exit.o)
_impure_ptr                                       /usr/local/gcc_arm/bin/../lib/gcc/arm-none-eabi/8.2.1/../../../../arm-none-eabi/lib/thumb/v7e-m+fp/hard/libc_nano.a(lib_a-impure.o)
_init                                             /usr/local/gcc_arm/bin/../lib/gcc/arm-none-eabi/8.2.1/thumb/v7e-m+fp/hard/crti.o
                                                  /usr/local/gcc_arm/bin/../lib/gcc/arm-none-eabi/8.2.1/../../../../arm-none-eabi/lib/thumb/v7e-m+fp/hard/libc_nano.a(lib_a-init.o)
_mainCRTStartup                                   /usr/local/gcc_arm/bin/../lib/gcc/arm-none-eabi/8.2.1/../../../../arm-none-eabi/lib/thumb/v7e-m+fp/hard/crt0.o
_sbss                                             build/startup_stm32f303xc.o
_sdata                                            build/startup_stm32f303xc.o
_sidata                                           build/startup_stm32f303xc.o
_start                                            /usr/local/gcc_arm/bin/../lib/gcc/arm-none-eabi/8.2.1/../../../../arm-none-eabi/lib/thumb/v7e-m+fp/hard/crt0.o
aPLLMULFactorTable                                build/stm32f3xx_hal_rcc.o
aPredivFactorTable                                build/stm32f3xx_hal_rcc.o
atexit                                            /usr/local/gcc_arm/bin/../lib/gcc/arm-none-eabi/8.2.1/../../../../arm-none-eabi/lib/thumb/v7e-m+fp/hard/crt0.o
clearLEDs                                         build/TLC5947.o
clearSID                                          build/SID.o
                                                  build/main.o
exit                                              /usr/local/gcc_arm/bin/../lib/gcc/arm-none-eabi/8.2.1/../../../../arm-none-eabi/lib/thumb/v7e-m+fp/hard/libc_nano.a(lib_a-exit.o)
                                                  /usr/local/gcc_arm/bin/../lib/gcc/arm-none-eabi/8.2.1/../../../../arm-none-eabi/lib/thumb/v7e-m+fp/hard/crt0.o
g_pfnVectors                                      build/startup_stm32f303xc.o
gateVoice                                         build/SID.o
hadc1                                             build/main.o
                                                  build/MCUSetup.o
hadc2                                             build/main.o
                                                  build/MCUSetup.o
hadc3                                             build/main.o
                                                  build/MCUSetup.o
hardware_init_hook                                /usr/local/gcc_arm/bin/../lib/gcc/arm-none-eabi/8.2.1/../../../../arm-none-eabi/lib/thumb/v7e-m+fp/hard/crt0.o
hdma_adc1                                         build/main.o
                                                  build/stm32f3xx_hal_msp.o
                                                  build/stm32f3xx_it.o
hdma_adc2                                         build/main.o
                                                  build/stm32f3xx_hal_msp.o
                                                  build/stm32f3xx_it.o
hdma_adc3                                         build/main.o
                                                  build/stm32f3xx_hal_msp.o
                                                  build/stm32f3xx_it.o
hspi1                                             build/main.o
                                                  build/MCUSetup.o
hspi2                                             build/main.o
                                                  build/MCUSetup.o
huart1                                            build/main.o
                                                  build/MCUSetup.o
initialFilter                                     build/main.o
ledDriver                                         build/main.o
main                                              build/main.o
                                                  build/startup_stm32f303xc.o
                                                  /usr/local/gcc_arm/bin/../lib/gcc/arm-none-eabi/8.2.1/../../../../arm-none-eabi/lib/thumb/v7e-m+fp/hard/crt0.o
megelovania                                       build/SID.o
memset                                            /usr/local/gcc_arm/bin/../lib/gcc/arm-none-eabi/8.2.1/../../../../arm-none-eabi/lib/thumb/v7e-m+fp/hard/libc_nano.a(lib_a-memset.o)
                                                  build/MCUSetup.o
                                                  /usr/local/gcc_arm/bin/../lib/gcc/arm-none-eabi/8.2.1/../../../../arm-none-eabi/lib/thumb/v7e-m+fp/hard/crt0.o
pFlash                                            build/stm32f3xx_hal_flash.o
                                                  build/stm32f3xx_hal_flash_ex.o
setAllLEDBrightness                               build/TLC5947.o
                                                  build/main.o
setFilterCutoff                                   build/SID.o
setFilterResonance                                build/SID.o
setFilterTargets                                  build/SID.o
setFilterType                                     build/SID.o
setLEDBrightness                                  build/TLC5947.o
setVoiceEnv                                       build/SID.o
setVoiceFreq                                      build/SID.o
setVoicePWM                                       build/SID.o
setVoiceShape                                     build/SID.o
setVolume                                         build/SID.o
sid                                               build/main.o
sidVoices                                         build/main.o
software_init_hook                                /usr/local/gcc_arm/bin/../lib/gcc/arm-none-eabi/8.2.1/../../../../arm-none-eabi/lib/thumb/v7e-m+fp/hard/crt0.o
sweepVoiceFreq                                    build/SID.o
testAllVoices                                     build/SID.o
                                                  build/main.o
testFilter                                        build/SID.o
ungateVoice                                       build/SID.o
uwTick                                            build/stm32f3xx_hal.o
uwTickFreq                                        build/stm32f3xx_hal.o
uwTickPrio                                        build/stm32f3xx_hal.o
writeFilterCutoff                                 build/SID.o
writeFilterResonance                              build/SID.o
writeFilterVolume                                 build/SID.o
writeLEDs                                         build/TLC5947.o
                                                  build/main.o
writeSID                                          build/SID.o
writeVoiceEnv                                     build/SID.o
writeVoiceFreq                                    build/SID.o
writeVoicePWM                                     build/SID.o