Archive member included to satisfy reference by file (symbol)

/usr/local/gcc_arm/bin/../lib/gcc/arm-none-eabi/8.2.1/../../../../arm-none-eabi/lib/thumb/v7e-m+fp/hard/libc_nano.a(lib_a-exit.o)
                              /usr/local/gcc_arm/bin/../lib/gcc/arm-none-eabi/8.2.1/../../../../arm-none-eabi/lib/thumb/v7e-m+fp/hard/crt0.o (exit)
/usr/local/gcc_arm/bin/../lib/gcc/arm-none-eabi/8.2.1/../../../../arm-none-eabi/lib/thumb/v7e-m+fp/hard/libc_nano.a(lib_a-impure.o)
                              /usr/local/gcc_arm/bin/../lib/gcc/arm-none-eabi/8.2.1/../../../../arm-none-eabi/lib/thumb/v7e-m+fp/hard/libc_nano.a(lib_a-exit.o) (_global_impure_ptr)
/usr/local/gcc_arm/bin/../lib/gcc/arm-none-eabi/8.2.1/../../../../arm-none-eabi/lib/thumb/v7e-m+fp/hard/libc_nano.a(lib_a-init.o)
                              /usr/local/gcc_arm/bin/../lib/gcc/arm-none-eabi/8.2.1/../../../../arm-none-eabi/lib/thumb/v7e-m+fp/hard/crt0.o (__libc_init_array)
/usr/local/gcc_arm/bin/../lib/gcc/arm-none-eabi/8.2.1/../../../../arm-none-eabi/lib/thumb/v7e-m+fp/hard/libc_nano.a(lib_a-memset.o)
                              /usr/local/gcc_arm/bin/../lib/gcc/arm-none-eabi/8.2.1/../../../../arm-none-eabi/lib/thumb/v7e-m+fp/hard/crt0.o (memset)
/usr/local/gcc_arm/bin/../lib/gcc/arm-none-eabi/8.2.1/../../../../arm-none-eabi/lib/thumb/v7e-m+fp/hard/libnosys.a(_exit.o)
                              /usr/local/gcc_arm/bin/../lib/gcc/arm-none-eabi/8.2.1/../../../../arm-none-eabi/lib/thumb/v7e-m+fp/hard/libc_nano.a(lib_a-exit.o) (_exit)

Allocating common symbols
Common symbol       size              file

hspi2               0x64              build/main.o
hadc2               0x54              build/main.o
uwTick              0x4               build/stm32f3xx_hal.o
pFlash              0x20              build/stm32f3xx_hal_flash.o
hadc1               0x54              build/main.o
hadc3               0x54              build/main.o
huart1              0x70              build/main.o
hspi1               0x64              build/main.o

Discarded input sections

 .text          0x0000000000000000        0x0 /usr/local/gcc_arm/bin/../lib/gcc/arm-none-eabi/8.2.1/thumb/v7e-m+fp/hard/crti.o
 .data          0x0000000000000000        0x0 /usr/local/gcc_arm/bin/../lib/gcc/arm-none-eabi/8.2.1/thumb/v7e-m+fp/hard/crti.o
 .bss           0x0000000000000000        0x0 /usr/local/gcc_arm/bin/../lib/gcc/arm-none-eabi/8.2.1/thumb/v7e-m+fp/hard/crti.o
 .data          0x0000000000000000        0x4 /usr/local/gcc_arm/bin/../lib/gcc/arm-none-eabi/8.2.1/thumb/v7e-m+fp/hard/crtbegin.o
 .text          0x0000000000000000       0x74 /usr/local/gcc_arm/bin/../lib/gcc/arm-none-eabi/8.2.1/../../../../arm-none-eabi/lib/thumb/v7e-m+fp/hard/crt0.o
 .data          0x0000000000000000        0x0 /usr/local/gcc_arm/bin/../lib/gcc/arm-none-eabi/8.2.1/../../../../arm-none-eabi/lib/thumb/v7e-m+fp/hard/crt0.o
 .bss           0x0000000000000000        0x0 /usr/local/gcc_arm/bin/../lib/gcc/arm-none-eabi/8.2.1/../../../../arm-none-eabi/lib/thumb/v7e-m+fp/hard/crt0.o
 .ARM.extab     0x0000000000000000        0x0 /usr/local/gcc_arm/bin/../lib/gcc/arm-none-eabi/8.2.1/../../../../arm-none-eabi/lib/thumb/v7e-m+fp/hard/crt0.o
 .ARM.exidx     0x0000000000000000        0x8 /usr/local/gcc_arm/bin/../lib/gcc/arm-none-eabi/8.2.1/../../../../arm-none-eabi/lib/thumb/v7e-m+fp/hard/crt0.o
 .ARM.attributes
                0x0000000000000000       0x1c /usr/local/gcc_arm/bin/../lib/gcc/arm-none-eabi/8.2.1/../../../../arm-none-eabi/lib/thumb/v7e-m+fp/hard/crt0.o
 .text          0x0000000000000000        0x0 build/main.o
 .data          0x0000000000000000        0x0 build/main.o
 .bss           0x0000000000000000        0x0 build/main.o
 .text.Error_Handler
                0x0000000000000000        0x2 build/main.o
 .text          0x0000000000000000        0x0 build/stm32f3xx_it.o
 .data          0x0000000000000000        0x0 build/stm32f3xx_it.o
 .bss           0x0000000000000000        0x0 build/stm32f3xx_it.o
 .text          0x0000000000000000        0x0 build/stm32f3xx_hal_msp.o
 .data          0x0000000000000000        0x0 build/stm32f3xx_hal_msp.o
 .bss           0x0000000000000000        0x0 build/stm32f3xx_hal_msp.o
 .text.HAL_ADC_MspDeInit
                0x0000000000000000       0xa8 build/stm32f3xx_hal_msp.o
 .text.HAL_SPI_MspDeInit
                0x0000000000000000       0x58 build/stm32f3xx_hal_msp.o
 .text.HAL_UART_MspDeInit
                0x0000000000000000       0x2c build/stm32f3xx_hal_msp.o
 .text          0x0000000000000000        0x0 build/stm32f3xx_hal_adc.o
 .data          0x0000000000000000        0x0 build/stm32f3xx_hal_adc.o
 .bss           0x0000000000000000        0x0 build/stm32f3xx_hal_adc.o
 .text.HAL_ADC_Init
                0x0000000000000000        0x4 build/stm32f3xx_hal_adc.o
 .text.HAL_ADC_DeInit
                0x0000000000000000        0x4 build/stm32f3xx_hal_adc.o
 .text.HAL_ADC_MspInit
                0x0000000000000000        0x2 build/stm32f3xx_hal_adc.o
[...]
Memory Configuration

Name             Origin             Length             Attributes
RAM              0x0000000020000000 0x0000000000008000 xrw
CCMRAM           0x0000000010000000 0x0000000000002000 rw
FLASH            0x0000000008000000 0x0000000000020000 xr
*default*        0x0000000000000000 0xffffffffffffffff

Linker script and memory map

LOAD /usr/local/gcc_arm/bin/../lib/gcc/arm-none-eabi/8.2.1/thumb/v7e-m+fp/hard/crti.o
LOAD /usr/local/gcc_arm/bin/../lib/gcc/arm-none-eabi/8.2.1/thumb/v7e-m+fp/hard/crtbegin.o
LOAD /usr/local/gcc_arm/bin/../lib/gcc/arm-none-eabi/8.2.1/../../../../arm-none-eabi/lib/thumb/v7e-m+fp/hard/crt0.o
LOAD build/main.o
LOAD build/stm32f3xx_it.o
LOAD build/stm32f3xx_hal_msp.o
LOAD build/stm32f3xx_hal_adc.o
LOAD build/stm32f3xx_hal_adc_ex.o
LOAD build/stm32f3xx_hal_spi.o
LOAD build/stm32f3xx_hal_spi_ex.o
LOAD build/stm32f3xx_hal_tim.o
LOAD build/stm32f3xx_hal_tim_ex.o
LOAD build/stm32f3xx_hal_uart.o
LOAD build/stm32f3xx_hal_uart_ex.o
LOAD build/stm32f3xx_hal.o
LOAD build/stm32f3xx_hal_rcc.o
LOAD build/stm32f3xx_hal_rcc_ex.o
LOAD build/stm32f3xx_hal_gpio.o
LOAD build/stm32f3xx_hal_dma.o
LOAD build/stm32f3xx_hal_cortex.o
LOAD build/stm32f3xx_hal_pwr.o
LOAD build/stm32f3xx_hal_pwr_ex.o
LOAD build/stm32f3xx_hal_flash.o
LOAD build/stm32f3xx_hal_flash_ex.o
LOAD build/stm32f3xx_hal_i2c.o
LOAD build/stm32f3xx_hal_i2c_ex.o
LOAD build/system_stm32f3xx.o
LOAD build/startup_stm32f303xc.o
LOAD /usr/local/gcc_arm/bin/../lib/gcc/arm-none-eabi/8.2.1/../../../../arm-none-eabi/lib/thumb/v7e-m+fp/hard/libc_nano.a
LOAD /usr/local/gcc_arm/bin/../lib/gcc/arm-none-eabi/8.2.1/../../../../arm-none-eabi/lib/thumb/v7e-m+fp/hard/libm.a
LOAD /usr/local/gcc_arm/bin/../lib/gcc/arm-none-eabi/8.2.1/../../../../arm-none-eabi/lib/thumb/v7e-m+fp/hard/libnosys.a
START GROUP
LOAD /usr/local/gcc_arm/bin/../lib/gcc/arm-none-eabi/8.2.1/thumb/v7e-m+fp/hard/libgcc.a
LOAD /usr/local/gcc_arm/bin/../lib/gcc/arm-none-eabi/8.2.1/../../../../arm-none-eabi/lib/thumb/v7e-m+fp/hard/libc_nano.a
END GROUP
START GROUP
LOAD /usr/local/gcc_arm/bin/../lib/gcc/arm-none-eabi/8.2.1/thumb/v7e-m+fp/hard/libgcc.a
LOAD /usr/local/gcc_arm/bin/../lib/gcc/arm-none-eabi/8.2.1/../../../../arm-none-eabi/lib/thumb/v7e-m+fp/hard/libc_nano.a
END GROUP
LOAD /usr/local/gcc_arm/bin/../lib/gcc/arm-none-eabi/8.2.1/thumb/v7e-m+fp/hard/crtend.o
LOAD /usr/local/gcc_arm/bin/../lib/gcc/arm-none-eabi/8.2.1/thumb/v7e-m+fp/hard/crtn.o
                0x0000000020008000                _estack = 0x20008000
                0x0000000000000200                _Min_Heap_Size = 0x200
                0x0000000000000400                _Min_Stack_Size = 0x400

.isr_vector     0x0000000008000000      0x188
                0x0000000008000000                . = ALIGN (0x4)
 *(.isr_vector)
 .isr_vector    0x0000000008000000      0x188 build/startup_stm32f303xc.o
                0x0000000008000000                g_pfnVectors
                0x0000000008000188                . = ALIGN (0x4)

.text           0x0000000008000188     0x232c
                0x0000000008000188                . = ALIGN (0x4)
 *(.text)
 .text          0x0000000008000188       0x40 /usr/local/gcc_arm/bin/../lib/gcc/arm-none-eabi/8.2.1/thumb/v7e-m+fp/hard/crtbegin.o
 *(.text*)
 .text.MX_GPIO_Init
                0x00000000080001c8       0xb0 build/main.o
 .text.MX_ADC1_Init
                0x0000000008000278       0x6c build/main.o
 .text.MX_ADC2_Init
                0x00000000080002e4       0x60 build/main.o
 .text.MX_ADC3_Init
                0x0000000008000344       0x6c build/main.o
 .text.MX_SPI1_Init
                0x00000000080003b0       0x44 build/main.o
 .text.MX_SPI2_Init
                0x00000000080003f4       0x44 build/main.o
 .text.MX_USART1_UART_Init
                0x0000000008000438       0x30 build/main.o
 .text.SystemClock_Config
                0x0000000008000468       0x74 build/main.o
                0x0000000008000468                SystemClock_Config
 .text.main     0x00000000080004dc       0x3c build/main.o
                0x00000000080004dc                main
 .text.NMI_Handler
                0x0000000008000518        0x2 build/stm32f3xx_it.o
                0x0000000008000518                NMI_Handler
 .text.HardFault_Handler
                0x000000000800051a        0x2 build/stm32f3xx_it.o
                0x000000000800051a                HardFault_Handler
 .text.MemManage_Handler
                0x000000000800051c        0x2 build/stm32f3xx_it.o
                0x000000000800051c                MemManage_Handler
 .text.BusFault_Handler
                0x000000000800051e        0x2 build/stm32f3xx_it.o
                0x000000000800051e                BusFault_Handler
 .text.UsageFault_Handler
                0x0000000008000520        0x2 build/stm32f3xx_it.o
                0x0000000008000520                UsageFault_Handler
 .text.SVC_Handler
                0x0000000008000522        0x2 build/stm32f3xx_it.o
                0x0000000008000522                SVC_Handler
 .text.DebugMon_Handler
                0x0000000008000524        0x2 build/stm32f3xx_it.o
                0x0000000008000524                DebugMon_Handler
 .text.PendSV_Handler
                0x0000000008000526        0x2 build/stm32f3xx_it.o
                0x0000000008000526                PendSV_Handler
 .text.SysTick_Handler
                0x0000000008000528        0x8 build/stm32f3xx_it.o
                0x0000000008000528                SysTick_Handler
 .text.HAL_MspInit
                0x0000000008000530       0x30 build/stm32f3xx_hal_msp.o
                0x0000000008000530                HAL_MspInit
 .text.HAL_ADC_MspInit
                0x0000000008000560      0x178 build/stm32f3xx_hal_msp.o
                0x0000000008000560                HAL_ADC_MspInit
 .text.HAL_SPI_MspInit
                0x00000000080006d8       0xe0 build/stm32f3xx_hal_msp.o
                0x00000000080006d8                HAL_SPI_MspInit
 .text.HAL_UART_MspInit
                0x00000000080007b8       0x68 build/stm32f3xx_hal_msp.o
                0x00000000080007b8                HAL_UART_MspInit
 .text.ADC_Disable
                0x0000000008000820       0x7e build/stm32f3xx_hal_adc_ex.o
 *fill*         0x000000000800089e        0x2 
 .text.HAL_ADC_Init
                0x00000000080008a0      0x28c build/stm32f3xx_hal_adc_ex.o
                0x00000000080008a0                HAL_ADC_Init
 .text.HAL_ADC_ConfigChannel
                0x0000000008000b2c      0x3a8 build/stm32f3xx_hal_adc_ex.o
                0x0000000008000b2c                HAL_ADC_ConfigChannel
 .text.HAL_ADCEx_MultiModeConfigChannel
                0x0000000008000ed4      0x158 build/stm32f3xx_hal_adc_ex.o
                0x0000000008000ed4                HAL_ADCEx_MultiModeConfigChannel
 .text.HAL_SPI_Init
                0x000000000800102c       0xba build/stm32f3xx_hal_spi.o
                0x000000000800102c                HAL_SPI_Init
 *fill*         0x00000000080010e6        0x2 
 .text.UART_SetConfig
                0x00000000080010e8      0x2b0 build/stm32f3xx_hal_uart.o
                0x00000000080010e8                UART_SetConfig
 .text.UART_AdvFeatureConfig
                0x0000000008001398       0xca build/stm32f3xx_hal_uart.o
                0x0000000008001398                UART_AdvFeatureConfig
 .text.UART_WaitOnFlagUntilTimeout
                0x0000000008001462       0x62 build/stm32f3xx_hal_uart.o
                0x0000000008001462                UART_WaitOnFlagUntilTimeout
 .text.UART_CheckIdleState
                0x00000000080014c4       0x70 build/stm32f3xx_hal_uart.o
                0x00000000080014c4                UART_CheckIdleState
 .text.HAL_UART_Init
                0x0000000008001534       0x66 build/stm32f3xx_hal_uart.o
                0x0000000008001534                HAL_UART_Init
 *fill*         0x000000000800159a        0x2 
 .text.HAL_InitTick
                0x000000000800159c       0x4c build/stm32f3xx_hal.o
                0x000000000800159c                HAL_InitTick
 .text.HAL_Init
                0x00000000080015e8       0x24 build/stm32f3xx_hal.o
                0x00000000080015e8                HAL_Init
 .text.HAL_IncTick
                0x000000000800160c       0x18 build/stm32f3xx_hal.o
                0x000000000800160c                HAL_IncTick
 .text.HAL_GetTick
                0x0000000008001624        0xc build/stm32f3xx_hal.o
                0x0000000008001624                HAL_GetTick
 .text.HAL_Delay
                0x0000000008001630       0x28 build/stm32f3xx_hal.o
                0x0000000008001630                HAL_Delay
 .text.HAL_RCC_OscConfig
                0x0000000008001658      0x608 build/stm32f3xx_hal_rcc.o
                0x0000000008001658                HAL_RCC_OscConfig
 .text.HAL_RCC_GetSysClockFreq
                0x0000000008001c60       0x70 build/stm32f3xx_hal_rcc.o
                0x0000000008001c60                HAL_RCC_GetSysClockFreq
 .text.HAL_RCC_ClockConfig
                0x0000000008001cd0      0x1a0 build/stm32f3xx_hal_rcc.o
                0x0000000008001cd0                HAL_RCC_ClockConfig
 .text.HAL_RCC_GetHCLKFreq
                0x0000000008001e70        0xc build/stm32f3xx_hal_rcc.o
                0x0000000008001e70                HAL_RCC_GetHCLKFreq
 .text.HAL_RCC_GetPCLK1Freq
                0x0000000008001e7c       0x2c build/stm32f3xx_hal_rcc.o
                0x0000000008001e7c                HAL_RCC_GetPCLK1Freq
 .text.HAL_RCC_GetPCLK2Freq
                0x0000000008001ea8       0x2c build/stm32f3xx_hal_rcc.o
                0x0000000008001ea8                HAL_RCC_GetPCLK2Freq
 .text.HAL_RCCEx_PeriphCLKConfig
                0x0000000008001ed4      0x260 build/stm32f3xx_hal_rcc_ex.o
                0x0000000008001ed4                HAL_RCCEx_PeriphCLKConfig
 .text.HAL_GPIO_Init
                0x0000000008002134      0x194 build/stm32f3xx_hal_gpio.o
                0x0000000008002134                HAL_GPIO_Init
 .text.HAL_GPIO_TogglePin
                0x00000000080022c8        0x8 build/stm32f3xx_hal_gpio.o
                0x00000000080022c8                HAL_GPIO_TogglePin
 .text.HAL_NVIC_SetPriorityGrouping
                0x00000000080022d0       0x24 build/stm32f3xx_hal_cortex.o
                0x00000000080022d0                HAL_NVIC_SetPriorityGrouping
 .text.HAL_NVIC_SetPriority
                0x00000000080022f4       0x68 build/stm32f3xx_hal_cortex.o
                0x00000000080022f4                HAL_NVIC_SetPriority
 .text.HAL_SYSTICK_Config
                0x000000000800235c       0x2c build/stm32f3xx_hal_cortex.o
                0x000000000800235c                HAL_SYSTICK_Config
 .text.SystemInit
                0x0000000008002388       0x68 build/system_stm32f3xx.o
                0x0000000008002388                SystemInit
 .text.Reset_Handler
                0x00000000080023f0       0x50 build/startup_stm32f303xc.o
                0x00000000080023f0                Reset_Handler
 .text.Default_Handler
                0x0000000008002440        0x2 build/startup_stm32f303xc.o
                0x0000000008002440                TIM1_BRK_TIM15_IRQHandler
                0x0000000008002440                TIM8_TRG_COM_IRQHandler
                0x0000000008002440                TIM8_CC_IRQHandler
                0x0000000008002440                TIM1_CC_IRQHandler
                0x0000000008002440                USB_HP_IRQHandler
                0x0000000008002440                PVD_IRQHandler
                0x0000000008002440                TAMP_STAMP_IRQHandler
                0x0000000008002440                EXTI3_IRQHandler
                0x0000000008002440                USB_HP_CAN_TX_IRQHandler
                0x0000000008002440                EXTI0_IRQHandler
                0x0000000008002440                I2C2_EV_IRQHandler
                0x0000000008002440                FPU_IRQHandler
                0x0000000008002440                TIM1_UP_TIM16_IRQHandler
                0x0000000008002440                ADC1_2_IRQHandler
                0x0000000008002440                SPI1_IRQHandler
                0x0000000008002440                CAN_SCE_IRQHandler
                0x0000000008002440                TIM6_DAC_IRQHandler
                0x0000000008002440                TIM8_UP_IRQHandler
                0x0000000008002440                DMA2_Channel2_IRQHandler
                0x0000000008002440                DMA1_Channel4_IRQHandler
                0x0000000008002440                USART3_IRQHandler
                0x0000000008002440                DMA1_Channel7_IRQHandler
                0x0000000008002440                UART5_IRQHandler
                0x0000000008002440                ADC3_IRQHandler
                0x0000000008002440                TIM4_IRQHandler
                0x0000000008002440                CAN_RX1_IRQHandler
                0x0000000008002440                DMA2_Channel1_IRQHandler
                0x0000000008002440                I2C1_EV_IRQHandler
                0x0000000008002440                DMA1_Channel6_IRQHandler
                0x0000000008002440                UART4_IRQHandler
                0x0000000008002440                DMA2_Channel4_IRQHandler
                0x0000000008002440                TIM3_IRQHandler
                0x0000000008002440                RCC_IRQHandler
                0x0000000008002440                DMA1_Channel1_IRQHandler
                0x0000000008002440                Default_Handler
                0x0000000008002440                USBWakeUp_RMP_IRQHandler
                0x0000000008002440                EXTI15_10_IRQHandler
                0x0000000008002440                TIM7_IRQHandler
                0x0000000008002440                EXTI9_5_IRQHandler
                0x0000000008002440                RTC_WKUP_IRQHandler
                0x0000000008002440                SPI2_IRQHandler
                0x0000000008002440                USB_LP_CAN_RX0_IRQHandler
                0x0000000008002440                DMA2_Channel5_IRQHandler
                0x0000000008002440                DMA1_Channel5_IRQHandler
                0x0000000008002440                USB_LP_IRQHandler
                0x0000000008002440                EXTI4_IRQHandler
                0x0000000008002440                TIM1_TRG_COM_TIM17_IRQHandler
                0x0000000008002440                DMA1_Channel3_IRQHandler
                0x0000000008002440                ADC4_IRQHandler
                0x0000000008002440                WWDG_IRQHandler
                0x0000000008002440                TIM2_IRQHandler
                0x0000000008002440                COMP7_IRQHandler
                0x0000000008002440                COMP1_2_3_IRQHandler
                0x0000000008002440                EXTI1_IRQHandler
                0x0000000008002440                USART2_IRQHandler
                0x0000000008002440                COMP4_5_6_IRQHandler
                0x0000000008002440                I2C2_ER_IRQHandler
                0x0000000008002440                DMA1_Channel2_IRQHandler
                0x0000000008002440                TIM8_BRK_IRQHandler
                0x0000000008002440                FLASH_IRQHandler
                0x0000000008002440                USART1_IRQHandler
                0x0000000008002440                SPI3_IRQHandler
                0x0000000008002440                I2C1_ER_IRQHandler
                0x0000000008002440                USBWakeUp_IRQHandler
                0x0000000008002440                DMA2_Channel3_IRQHandler
                0x0000000008002440                EXTI2_TSC_IRQHandler
                0x0000000008002440                RTC_Alarm_IRQHandler
 *fill*         0x0000000008002442        0x2 
 .text.__libc_init_array
                0x0000000008002444       0x48 /usr/local/gcc_arm/bin/../lib/gcc/arm-none-eabi/8.2.1/../../../../arm-none-eabi/lib/thumb/v7e-m+fp/hard/libc_nano.a(lib_a-init.o)
                0x0000000008002444                __libc_init_array
 .text.memset   0x000000000800248c       0x10 /usr/local/gcc_arm/bin/../lib/gcc/arm-none-eabi/8.2.1/../../../../arm-none-eabi/lib/thumb/v7e-m+fp/hard/libc_nano.a(lib_a-memset.o)
                0x000000000800248c                memset
 *(.glue_7)
 .glue_7        0x000000000800249c        0x0 linker stubs
 *(.glue_7t)
 .glue_7t       0x000000000800249c        0x0 linker stubs
 *(.eh_frame)
 .eh_frame      0x000000000800249c        0x0 /usr/local/gcc_arm/bin/../lib/gcc/arm-none-eabi/8.2.1/thumb/v7e-m+fp/hard/crtbegin.o
 *(.init)
 .init          0x000000000800249c        0x4 /usr/local/gcc_arm/bin/../lib/gcc/arm-none-eabi/8.2.1/thumb/v7e-m+fp/hard/crti.o
                0x000000000800249c                _init
 .init          0x00000000080024a0        0x8 /usr/local/gcc_arm/bin/../lib/gcc/arm-none-eabi/8.2.1/thumb/v7e-m+fp/hard/crtn.o
 *(.fini)
 .fini          0x00000000080024a8        0x4 /usr/local/gcc_arm/bin/../lib/gcc/arm-none-eabi/8.2.1/thumb/v7e-m+fp/hard/crti.o
                0x00000000080024a8                _fini
 .fini          0x00000000080024ac        0x8 /usr/local/gcc_arm/bin/../lib/gcc/arm-none-eabi/8.2.1/thumb/v7e-m+fp/hard/crtn.o
                0x00000000080024b4                . = ALIGN (0x4)
                0x00000000080024b4                _etext = .

.vfp11_veneer   0x00000000080024b4        0x0
 .vfp11_veneer  0x00000000080024b4        0x0 linker stubs

.v4_bx          0x00000000080024b4        0x0
 .v4_bx         0x00000000080024b4        0x0 linker stubs

.iplt           0x00000000080024b4        0x0
 .iplt          0x00000000080024b4        0x0 /usr/local/gcc_arm/bin/../lib/gcc/arm-none-eabi/8.2.1/thumb/v7e-m+fp/hard/crtbegin.o

.rodata         0x00000000080024b4       0x38
                0x00000000080024b4                . = ALIGN (0x4)
 *(.rodata)
 *(.rodata*)
 .rodata.aPLLMULFactorTable
                0x00000000080024b4       0x10 build/stm32f3xx_hal_rcc.o
                0x00000000080024b4                aPLLMULFactorTable
 .rodata.aPredivFactorTable
                0x00000000080024c4       0x10 build/stm32f3xx_hal_rcc.o
                0x00000000080024c4                aPredivFactorTable
 .rodata.AHBPrescTable
                0x00000000080024d4       0x10 build/system_stm32f3xx.o
                0x00000000080024d4                AHBPrescTable
 .rodata.APBPrescTable
                0x00000000080024e4        0x8 build/system_stm32f3xx.o
                0x00000000080024e4                APBPrescTable
                0x00000000080024ec                . = ALIGN (0x4)

.rel.dyn        0x00000000080024ec        0x0
 .rel.iplt      0x00000000080024ec        0x0 /usr/local/gcc_arm/bin/../lib/gcc/arm-none-eabi/8.2.1/thumb/v7e-m+fp/hard/crtbegin.o

.ARM.extab
 *(.ARM.extab* .gnu.linkonce.armextab.*)

.ARM            0x00000000080024ec        0x0
                0x00000000080024ec                __exidx_start = .
 *(.ARM.exidx*)
                0x00000000080024ec                __exidx_end = .

.preinit_array  0x00000000080024ec        0x0
                0x00000000080024ec                PROVIDE (__preinit_array_start = .)
 *(.preinit_array*)
                0x00000000080024ec                PROVIDE (__preinit_array_end = .)

.init_array     0x00000000080024ec        0x4
                0x00000000080024ec                PROVIDE (__init_array_start = .)
 *(SORT_BY_NAME(.init_array.*))
 *(.init_array*)
 .init_array    0x00000000080024ec        0x4 /usr/local/gcc_arm/bin/../lib/gcc/arm-none-eabi/8.2.1/thumb/v7e-m+fp/hard/crtbegin.o
                0x00000000080024f0                PROVIDE (__init_array_end = .)

.fini_array     0x00000000080024f0        0x4
                [!provide]                        PROVIDE (__fini_array_start = .)
 *(SORT_BY_NAME(.fini_array.*))
 *(.fini_array*)
 .fini_array    0x00000000080024f0        0x4 /usr/local/gcc_arm/bin/../lib/gcc/arm-none-eabi/8.2.1/thumb/v7e-m+fp/hard/crtbegin.o
                [!provide]                        PROVIDE (__fini_array_end = .)
                0x00000000080024f4                _sidata = LOADADDR (.data)

.data           0x0000000020000000        0xc load address 0x00000000080024f4
                0x0000000020000000                . = ALIGN (0x4)
                0x0000000020000000                _sdata = .
 *(.data)
 *(.data*)
 .data.uwTickFreq
                0x0000000020000000        0x1 build/stm32f3xx_hal.o
                0x0000000020000000                uwTickFreq
 *fill*         0x0000000020000001        0x3 
 .data.uwTickPrio
                0x0000000020000004        0x4 build/stm32f3xx_hal.o
                0x0000000020000004                uwTickPrio
 .data.SystemCoreClock
                0x0000000020000008        0x4 build/system_stm32f3xx.o
                0x0000000020000008                SystemCoreClock
                0x000000002000000c                . = ALIGN (0x4)
                0x000000002000000c                _edata = .
                0x0000000008002500                _siccmram = LOADADDR (.ccmram)

.igot.plt       0x000000002000000c        0x0 load address 0x0000000008002500
 .igot.plt      0x000000002000000c        0x0 /usr/local/gcc_arm/bin/../lib/gcc/arm-none-eabi/8.2.1/thumb/v7e-m+fp/hard/crtbegin.o

.ccmram         0x0000000010000000        0x0 load address 0x0000000008002500
                0x0000000010000000                . = ALIGN (0x4)
                0x0000000010000000                _sccmram = .
 *(.ccmram)
 *(.ccmram*)
                0x0000000010000000                . = ALIGN (0x4)
                0x0000000010000000                _eccmram = .
                0x0000000010000000                . = ALIGN (0x4)

.bss            0x000000002000000c      0x258
                0x000000002000000c                _sbss = .
                0x000000002000000c                __bss_start__ = _sbss
 *(.bss)
 .bss           0x000000002000000c       0x1c /usr/local/gcc_arm/bin/../lib/gcc/arm-none-eabi/8.2.1/thumb/v7e-m+fp/hard/crtbegin.o
 *(.bss*)
 .bss.HAL_RCC_ADC12_CLK_ENABLED
                0x0000000020000028        0x4 build/stm32f3xx_hal_msp.o
 *(COMMON)
 COMMON         0x000000002000002c      0x234 build/main.o
                0x000000002000002c                hspi2
                0x0000000020000090                hadc2
                0x00000000200000e4                hadc1
                0x0000000020000138                hadc3
                0x000000002000018c                huart1
                0x00000000200001fc                hspi1
 COMMON         0x0000000020000260        0x4 build/stm32f3xx_hal.o
                0x0000000020000260                uwTick
                0x0000000020000264                . = ALIGN (0x4)
                0x0000000020000264                _ebss = .
                0x0000000020000264                __bss_end__ = _ebss

._user_heap_stack
                0x0000000020000264      0x604
                0x0000000020000268                . = ALIGN (0x8)
 *fill*         0x0000000020000264        0x4 
                [!provide]                        PROVIDE (end = .)
                [!provide]                        PROVIDE (_end = .)
                0x0000000020000468                . = (. + _Min_Heap_Size)
 *fill*         0x0000000020000268      0x200 
                0x0000000020000868                . = (. + _Min_Stack_Size)
 *fill*         0x0000000020000468      0x400 
                0x0000000020000868                . = ALIGN (0x8)

/DISCARD/
 libc.a(*)
 libm.a(*)
 libgcc.a(*)

.ARM.attributes
                0x0000000000000000       0x30
 *(.ARM.attributes)
 .ARM.attributes
                0x0000000000000000       0x1e /usr/local/gcc_arm/bin/../lib/gcc/arm-none-eabi/8.2.1/thumb/v7e-m+fp/hard/crti.o
 .ARM.attributes
                0x000000000000001e       0x34 /usr/local/gcc_arm/bin/../lib/gcc/arm-none-eabi/8.2.1/thumb/v7e-m+fp/hard/crtbegin.o
 .ARM.attributes
                0x0000000000000052       0x34 build/main.o
 .ARM.attributes
                0x0000000000000086       0x34 build/stm32f3xx_it.o
 .ARM.attributes
                0x00000000000000ba       0x34 build/stm32f3xx_hal_msp.o
 .ARM.attributes
                0x00000000000000ee       0x34 build/stm32f3xx_hal_adc_ex.o
 .ARM.attributes
                0x0000000000000122       0x34 build/stm32f3xx_hal_spi.o
 .ARM.attributes
                0x0000000000000156       0x34 build/stm32f3xx_hal_uart.o
 .ARM.attributes
                0x000000000000018a       0x34 build/stm32f3xx_hal.o
 .ARM.attributes
                0x00000000000001be       0x34 build/stm32f3xx_hal_rcc.o
 .ARM.attributes
                0x00000000000001f2       0x34 build/stm32f3xx_hal_rcc_ex.o
 .ARM.attributes
                0x0000000000000226       0x34 build/stm32f3xx_hal_gpio.o
 .ARM.attributes
                0x000000000000025a       0x34 build/stm32f3xx_hal_cortex.o
 .ARM.attributes
                0x000000000000028e       0x34 build/system_stm32f3xx.o
 .ARM.attributes
                0x00000000000002c2       0x21 build/startup_stm32f303xc.o
 .ARM.attributes
                0x00000000000002e3       0x34 /usr/local/gcc_arm/bin/../lib/gcc/arm-none-eabi/8.2.1/../../../../arm-none-eabi/lib/thumb/v7e-m+fp/hard/libc_nano.a(lib_a-init.o)
 .ARM.attributes
                0x0000000000000317       0x34 /usr/local/gcc_arm/bin/../lib/gcc/arm-none-eabi/8.2.1/../../../../arm-none-eabi/lib/thumb/v7e-m+fp/hard/libc_nano.a(lib_a-memset.o)
 .ARM.attributes
                0x000000000000034b       0x1e /usr/local/gcc_arm/bin/../lib/gcc/arm-none-eabi/8.2.1/thumb/v7e-m+fp/hard/crtn.o
OUTPUT(build/EuroSID.elf elf32-littlearm)

.debug_info     0x0000000000000000    0x1510b
 .debug_info    0x0000000000000000     0x230f build/main.o
 .debug_info    0x000000000000230f      0xbf7 build/stm32f3xx_it.o
 .debug_info    0x0000000000002f06     0x2009 build/stm32f3xx_hal_msp.o
 .debug_info    0x0000000000004f0f     0x296b build/stm32f3xx_hal_adc_ex.o
 .debug_info    0x000000000000787a     0x2c03 build/stm32f3xx_hal_spi.o
 .debug_info    0x000000000000a47d     0x2826 build/stm32f3xx_hal_uart.o
 .debug_info    0x000000000000cca3     0x132e build/stm32f3xx_hal.o
 .debug_info    0x000000000000dfd1     0x2306 build/stm32f3xx_hal_rcc.o
 .debug_info    0x00000000000102d7     0x12a0 build/stm32f3xx_hal_rcc_ex.o
 .debug_info    0x0000000000011577     0x11ca build/stm32f3xx_hal_gpio.o
 .debug_info    0x0000000000012741     0x1b1d build/stm32f3xx_hal_cortex.o
 .debug_info    0x000000000001425e      0xe8b build/system_stm32f3xx.o
 .debug_info    0x00000000000150e9       0x22 build/startup_stm32f303xc.o

.debug_abbrev   0x0000000000000000     0x25e5
 .debug_abbrev  0x0000000000000000      0x2fa build/main.o
 .debug_abbrev  0x00000000000002fa      0x20d build/stm32f3xx_it.o
 .debug_abbrev  0x0000000000000507      0x297 build/stm32f3xx_hal_msp.o
 .debug_abbrev  0x000000000000079e      0x39f build/stm32f3xx_hal_adc_ex.o
 .debug_abbrev  0x0000000000000b3d      0x342 build/stm32f3xx_hal_spi.o
 .debug_abbrev  0x0000000000000e7f      0x358 build/stm32f3xx_hal_uart.o
 .debug_abbrev  0x00000000000011d7      0x308 build/stm32f3xx_hal.o
 .debug_abbrev  0x00000000000014df      0x3eb build/stm32f3xx_hal_rcc.o
 .debug_abbrev  0x00000000000018ca      0x385 build/stm32f3xx_hal_rcc_ex.o
 .debug_abbrev  0x0000000000001c4f      0x30a build/stm32f3xx_hal_gpio.o
 .debug_abbrev  0x0000000000001f59      0x444 build/stm32f3xx_hal_cortex.o
 .debug_abbrev  0x000000000000239d      0x236 build/system_stm32f3xx.o
 .debug_abbrev  0x00000000000025d3       0x12 build/startup_stm32f303xc.o

.debug_loc      0x0000000000000000     0x9d40
 .debug_loc     0x0000000000000000      0x199 build/main.o
 .debug_loc     0x0000000000000199       0x20 build/stm32f3xx_it.o
 .debug_loc     0x00000000000001b9      0x394 build/stm32f3xx_hal_msp.o
 .debug_loc     0x000000000000054d     0x26ab build/stm32f3xx_hal_adc_ex.o
 .debug_loc     0x0000000000002bf8     0x2870 build/stm32f3xx_hal_spi.o
 .debug_loc     0x0000000000005468     0x1fb8 build/stm32f3xx_hal_uart.o
 .debug_loc     0x0000000000007420      0x1cc build/stm32f3xx_hal.o
 .debug_loc     0x00000000000075ec      0xf1f build/stm32f3xx_hal_rcc.o
 .debug_loc     0x000000000000850b      0xabf build/stm32f3xx_hal_rcc_ex.o
 .debug_loc     0x0000000000008fca      0x4c3 build/stm32f3xx_hal_gpio.o
 .debug_loc     0x000000000000948d      0x790 build/stm32f3xx_hal_cortex.o
 .debug_loc     0x0000000000009c1d      0x123 build/system_stm32f3xx.o

.debug_aranges  0x0000000000000000      0x938
 .debug_aranges
                0x0000000000000000       0x68 build/main.o
 .debug_aranges
                0x0000000000000068       0x60 build/stm32f3xx_it.o
 .debug_aranges
                0x00000000000000c8       0x50 build/stm32f3xx_hal_msp.o
 .debug_aranges
                0x0000000000000118      0x168 build/stm32f3xx_hal_adc_ex.o
 .debug_aranges
                0x0000000000000280      0x1d8 build/stm32f3xx_hal_spi.o
 .debug_aranges
                0x0000000000000458      0x1f0 build/stm32f3xx_hal_uart.o
 .debug_aranges
                0x0000000000000648       0xe0 build/stm32f3xx_hal.o
 .debug_aranges
                0x0000000000000728       0x88 build/stm32f3xx_hal_rcc.o
 .debug_aranges
                0x00000000000007b0       0x38 build/stm32f3xx_hal_rcc_ex.o
 .debug_aranges
                0x00000000000007e8       0x58 build/stm32f3xx_hal_gpio.o
 .debug_aranges
                0x0000000000000840       0xa8 build/stm32f3xx_hal_cortex.o
 .debug_aranges
                0x00000000000008e8       0x28 build/system_stm32f3xx.o
 .debug_aranges
                0x0000000000000910       0x28 build/startup_stm32f303xc.o

.debug_ranges   0x0000000000000000      0x8f0
 .debug_ranges  0x0000000000000000       0x58 build/main.o
 .debug_ranges  0x0000000000000058       0x50 build/stm32f3xx_it.o
 .debug_ranges  0x00000000000000a8       0x40 build/stm32f3xx_hal_msp.o
 .debug_ranges  0x00000000000000e8      0x158 build/stm32f3xx_hal_adc_ex.o
 .debug_ranges  0x0000000000000240      0x1c8 build/stm32f3xx_hal_spi.o
 .debug_ranges  0x0000000000000408      0x1e0 build/stm32f3xx_hal_uart.o
 .debug_ranges  0x00000000000005e8       0xd0 build/stm32f3xx_hal.o
 .debug_ranges  0x00000000000006b8       0x98 build/stm32f3xx_hal_rcc.o
 .debug_ranges  0x0000000000000750       0x40 build/stm32f3xx_hal_rcc_ex.o
 .debug_ranges  0x0000000000000790       0x48 build/stm32f3xx_hal_gpio.o
 .debug_ranges  0x00000000000007d8       0xe0 build/stm32f3xx_hal_cortex.o
 .debug_ranges  0x00000000000008b8       0x18 build/system_stm32f3xx.o
 .debug_ranges  0x00000000000008d0       0x20 build/startup_stm32f303xc.o

.debug_line     0x0000000000000000     0xb086
 .debug_line    0x0000000000000000      0x849 build/main.o
 .debug_line    0x0000000000000849      0x28b build/stm32f3xx_it.o
 .debug_line    0x0000000000000ad4      0x5d8 build/stm32f3xx_hal_msp.o
 .debug_line    0x00000000000010ac     0x2905 build/stm32f3xx_hal_adc_ex.o
 .debug_line    0x00000000000039b1     0x26b3 build/stm32f3xx_hal_spi.o
 .debug_line    0x0000000000006064     0x1d00 build/stm32f3xx_hal_uart.o
 .debug_line    0x0000000000007d64      0x524 build/stm32f3xx_hal.o
 .debug_line    0x0000000000008288     0x1146 build/stm32f3xx_hal_rcc.o
 .debug_line    0x00000000000093ce      0xb66 build/stm32f3xx_hal_rcc_ex.o
 .debug_line    0x0000000000009f34      0x6eb build/stm32f3xx_hal_gpio.o
 .debug_line    0x000000000000a61f      0x71d build/stm32f3xx_hal_cortex.o
 .debug_line    0x000000000000ad3c      0x2d6 build/system_stm32f3xx.o
 .debug_line    0x000000000000b012       0x74 build/startup_stm32f303xc.o

.debug_str      0x0000000000000000     0x3637
 .debug_str     0x0000000000000000     0x12e3 build/main.o
                                       0x1424 (size before relaxing)
 .debug_str     0x00000000000012e3       0xaf build/stm32f3xx_it.o
                                        0x709 (size before relaxing)
 .debug_str     0x0000000000001392       0xc6 build/stm32f3xx_hal_msp.o
                                       0x102d (size before relaxing)
 .debug_str     0x0000000000001458      0x7bd build/stm32f3xx_hal_adc_ex.o
                                       0x138e (size before relaxing)
 .debug_str     0x0000000000001c15      0x51d build/stm32f3xx_hal_spi.o
                                       0x102b (size before relaxing)
 .debug_str     0x0000000000002132      0x6bd build/stm32f3xx_hal_uart.o
                                       0x12fa (size before relaxing)
 .debug_str     0x00000000000027ef      0x697 build/stm32f3xx_hal.o
                                        0xddd (size before relaxing)
 .debug_str     0x0000000000002e86      0x180 build/stm32f3xx_hal_rcc.o
                                        0xae5 (size before relaxing)
 .debug_str     0x0000000000003006       0xc5 build/stm32f3xx_hal_rcc_ex.o
                                        0x9e7 (size before relaxing)
 .debug_str     0x00000000000030cb      0x146 build/stm32f3xx_hal_gpio.o
                                        0x906 (size before relaxing)
 .debug_str     0x0000000000003211      0x3b4 build/stm32f3xx_hal_cortex.o
                                        0xffb (size before relaxing)
 .debug_str     0x00000000000035c5       0x4d build/system_stm32f3xx.o
                                        0x762 (size before relaxing)
 .debug_str     0x0000000000003612       0x25 build/startup_stm32f303xc.o
                                         0x59 (size before relaxing)

.comment        0x0000000000000000       0x75
 .comment       0x0000000000000000       0x75 build/main.o
                                         0x76 (size before relaxing)
 .comment       0x0000000000000075       0x76 build/stm32f3xx_it.o
 .comment       0x0000000000000075       0x76 build/stm32f3xx_hal_msp.o
 .comment       0x0000000000000075       0x76 build/stm32f3xx_hal_adc_ex.o
 .comment       0x0000000000000075       0x76 build/stm32f3xx_hal_spi.o
 .comment       0x0000000000000075       0x76 build/stm32f3xx_hal_uart.o
 .comment       0x0000000000000075       0x76 build/stm32f3xx_hal.o
 .comment       0x0000000000000075       0x76 build/stm32f3xx_hal_rcc.o
 .comment       0x0000000000000075       0x76 build/stm32f3xx_hal_rcc_ex.o
 .comment       0x0000000000000075       0x76 build/stm32f3xx_hal_gpio.o
 .comment       0x0000000000000075       0x76 build/stm32f3xx_hal_cortex.o
 .comment       0x0000000000000075       0x76 build/system_stm32f3xx.o

.debug_frame    0x0000000000000000     0x1bbc
 .debug_frame   0x0000000000000000      0x14c build/main.o
 .debug_frame   0x000000000000014c       0xac build/stm32f3xx_it.o
 .debug_frame   0x00000000000001f8       0xf0 build/stm32f3xx_hal_msp.o
 .debug_frame   0x00000000000002e8      0x578 build/stm32f3xx_hal_adc_ex.o
 .debug_frame   0x0000000000000860      0x668 build/stm32f3xx_hal_spi.o
 .debug_frame   0x0000000000000ec8      0x5f8 build/stm32f3xx_hal_uart.o
 .debug_frame   0x00000000000014c0      0x1e0 build/stm32f3xx_hal.o
 .debug_frame   0x00000000000016a0      0x19c build/stm32f3xx_hal_rcc.o
 .debug_frame   0x000000000000183c       0x8c build/stm32f3xx_hal_rcc_ex.o
 .debug_frame   0x00000000000018c8      0x10c build/stm32f3xx_hal_gpio.o
 .debug_frame   0x00000000000019d4      0x16c build/stm32f3xx_hal_cortex.o
 .debug_frame   0x0000000000001b40       0x30 build/system_stm32f3xx.o
 .debug_frame   0x0000000000001b70       0x2c /usr/local/gcc_arm/bin/../lib/gcc/arm-none-eabi/8.2.1/../../../../arm-none-eabi/lib/thumb/v7e-m+fp/hard/libc_nano.a(lib_a-init.o)
 .debug_frame   0x0000000000001b9c       0x20 /usr/local/gcc_arm/bin/../lib/gcc/arm-none-eabi/8.2.1/../../../../arm-none-eabi/lib/thumb/v7e-m+fp/hard/libc_nano.a(lib_a-memset.o)

Cross Reference Table

Symbol                                            File
ADC1_2_IRQHandler                                 build/startup_stm32f303xc.o
ADC3_IRQHandler                                   build/startup_stm32f303xc.o
ADC4_IRQHandler                                   build/startup_stm32f303xc.o
AHBPrescTable                                     build/system_stm32f3xx.o
                                                  build/stm32f3xx_hal_rcc.o
APBPrescTable                                     build/system_stm32f3xx.o
                                                  build/stm32f3xx_hal_rcc.o
BusFault_Handler                                  build/stm32f3xx_it.o
CAN_RX1_IRQHandler                                build/startup_stm32f303xc.o
CAN_SCE_IRQHandler                                build/startup_stm32f303xc.o
COMP1_2_3_IRQHandler                              build/startup_stm32f303xc.o
COMP4_5_6_IRQHandler                              build/startup_stm32f303xc.o
COMP7_IRQHandler                                  build/startup_stm32f303xc.o
DMA1_Channel1_IRQHandler                          build/startup_stm32f303xc.o
DMA1_Channel2_IRQHandler                          build/startup_stm32f303xc.o
DMA1_Channel3_IRQHandler                          build/startup_stm32f303xc.o
DMA1_Channel4_IRQHandler                          build/startup_stm32f303xc.o
DMA1_Channel5_IRQHandler                          build/startup_stm32f303xc.o
DMA1_Channel6_IRQHandler                          build/startup_stm32f303xc.o
DMA1_Channel7_IRQHandler                          build/startup_stm32f303xc.o
DMA2_Channel1_IRQHandler                          build/startup_stm32f303xc.o
DMA2_Channel2_IRQHandler                          build/startup_stm32f303xc.o
DMA2_Channel3_IRQHandler                          build/startup_stm32f303xc.o
DMA2_Channel4_IRQHandler                          build/startup_stm32f303xc.o
DMA2_Channel5_IRQHandler                          build/startup_stm32f303xc.o
DebugMon_Handler                                  build/stm32f3xx_it.o
Default_Handler                                   build/startup_stm32f303xc.o
EXTI0_IRQHandler                                  build/startup_stm32f303xc.o
EXTI15_10_IRQHandler                              build/startup_stm32f303xc.o
EXTI1_IRQHandler                                  build/startup_stm32f303xc.o
EXTI2_TSC_IRQHandler                              build/startup_stm32f303xc.o
EXTI3_IRQHandler                                  build/startup_stm32f303xc.o
EXTI4_IRQHandler                                  build/startup_stm32f303xc.o
EXTI9_5_IRQHandler                                build/startup_stm32f303xc.o
Error_Handler                                     build/main.o
FLASH_IRQHandler                                  build/startup_stm32f303xc.o
FLASH_PageErase                                   build/stm32f3xx_hal_flash_ex.o
                                                  build/stm32f3xx_hal_flash.o
FLASH_WaitForLastOperation                        build/stm32f3xx_hal_flash.o
                                                  build/stm32f3xx_hal_flash_ex.o
FPU_IRQHandler                                    build/startup_stm32f303xc.o
HAL_ADCEx_Calibration_GetValue                    build/stm32f3xx_hal_adc_ex.o
HAL_ADCEx_Calibration_SetValue                    build/stm32f3xx_hal_adc_ex.o
HAL_ADCEx_Calibration_Start                       build/stm32f3xx_hal_adc_ex.o
HAL_ADCEx_InjectedConfigChannel                   build/stm32f3xx_hal_adc_ex.o
HAL_ADCEx_InjectedConvCpltCallback                build/stm32f3xx_hal_adc_ex.o
HAL_ADCEx_InjectedGetValue                        build/stm32f3xx_hal_adc_ex.o
HAL_ADCEx_InjectedPollForConversion               build/stm32f3xx_hal_adc_ex.o
HAL_ADCEx_InjectedQueueOverflowCallback           build/stm32f3xx_hal_adc_ex.o
HAL_ADCEx_InjectedStart                           build/stm32f3xx_hal_adc_ex.o
HAL_ADCEx_InjectedStart_IT                        build/stm32f3xx_hal_adc_ex.o
HAL_ADCEx_InjectedStop                            build/stm32f3xx_hal_adc_ex.o
HAL_ADCEx_InjectedStop_IT                         build/stm32f3xx_hal_adc_ex.o
HAL_ADCEx_LevelOutOfWindow2Callback               build/stm32f3xx_hal_adc_ex.o
HAL_ADCEx_LevelOutOfWindow3Callback               build/stm32f3xx_hal_adc_ex.o
HAL_ADCEx_MultiModeConfigChannel                  build/stm32f3xx_hal_adc_ex.o
                                                  build/main.o
HAL_ADCEx_MultiModeGetValue                       build/stm32f3xx_hal_adc_ex.o
HAL_ADCEx_MultiModeStart_DMA                      build/stm32f3xx_hal_adc_ex.o
HAL_ADCEx_MultiModeStop_DMA                       build/stm32f3xx_hal_adc_ex.o
HAL_ADCEx_RegularMultiModeStop_DMA                build/stm32f3xx_hal_adc_ex.o
HAL_ADCEx_RegularStop                             build/stm32f3xx_hal_adc_ex.o
HAL_ADCEx_RegularStop_DMA                         build/stm32f3xx_hal_adc_ex.o
HAL_ADCEx_RegularStop_IT                          build/stm32f3xx_hal_adc_ex.o
HAL_ADC_AnalogWDGConfig                           build/stm32f3xx_hal_adc_ex.o
                                                  build/stm32f3xx_hal_adc.o
HAL_ADC_ConfigChannel                             build/stm32f3xx_hal_adc_ex.o
                                                  build/stm32f3xx_hal_adc.o
                                                  build/main.o
HAL_ADC_ConvCpltCallback                          build/stm32f3xx_hal_adc.o
                                                  build/stm32f3xx_hal_adc_ex.o
HAL_ADC_ConvHalfCpltCallback                      build/stm32f3xx_hal_adc.o
                                                  build/stm32f3xx_hal_adc_ex.o
HAL_ADC_DeInit                                    build/stm32f3xx_hal_adc_ex.o
                                                  build/stm32f3xx_hal_adc.o
HAL_ADC_ErrorCallback                             build/stm32f3xx_hal_adc.o
                                                  build/stm32f3xx_hal_adc_ex.o
HAL_ADC_GetError                                  build/stm32f3xx_hal_adc.o
HAL_ADC_GetState                                  build/stm32f3xx_hal_adc.o
HAL_ADC_GetValue                                  build/stm32f3xx_hal_adc_ex.o
                                                  build/stm32f3xx_hal_adc.o
HAL_ADC_IRQHandler                                build/stm32f3xx_hal_adc_ex.o
                                                  build/stm32f3xx_hal_adc.o
HAL_ADC_Init                                      build/stm32f3xx_hal_adc_ex.o
                                                  build/stm32f3xx_hal_adc.o
                                                  build/main.o
HAL_ADC_LevelOutOfWindowCallback                  build/stm32f3xx_hal_adc.o
                                                  build/stm32f3xx_hal_adc_ex.o
HAL_ADC_MspDeInit                                 build/stm32f3xx_hal_msp.o
                                                  build/stm32f3xx_hal_adc_ex.o
HAL_ADC_MspInit                                   build/stm32f3xx_hal_msp.o
                                                  build/stm32f3xx_hal_adc_ex.o
HAL_ADC_PollForConversion                         build/stm32f3xx_hal_adc_ex.o
                                                  build/stm32f3xx_hal_adc.o
HAL_ADC_PollForEvent                              build/stm32f3xx_hal_adc_ex.o
                                                  build/stm32f3xx_hal_adc.o
HAL_ADC_Start                                     build/stm32f3xx_hal_adc_ex.o
                                                  build/stm32f3xx_hal_adc.o
HAL_ADC_Start_DMA                                 build/stm32f3xx_hal_adc_ex.o
                                                  build/stm32f3xx_hal_adc.o
HAL_ADC_Start_IT                                  build/stm32f3xx_hal_adc_ex.o
                                                  build/stm32f3xx_hal_adc.o
HAL_ADC_Stop                                      build/stm32f3xx_hal_adc_ex.o
                                                  build/stm32f3xx_hal_adc.o
HAL_ADC_Stop_DMA                                  build/stm32f3xx_hal_adc_ex.o
                                                  build/stm32f3xx_hal_adc.o
HAL_ADC_Stop_IT                                   build/stm32f3xx_hal_adc_ex.o
                                                  build/stm32f3xx_hal_adc.o
HAL_DBGMCU_DisableDBGSleepMode                    build/stm32f3xx_hal.o
HAL_DBGMCU_DisableDBGStandbyMode                  build/stm32f3xx_hal.o
HAL_DBGMCU_DisableDBGStopMode                     build/stm32f3xx_hal.o
HAL_DBGMCU_EnableDBGSleepMode                     build/stm32f3xx_hal.o
HAL_DBGMCU_EnableDBGStandbyMode                   build/stm32f3xx_hal.o
HAL_DBGMCU_EnableDBGStopMode                      build/stm32f3xx_hal.o
HAL_DMA_Abort                                     build/stm32f3xx_hal_dma.o
                                                  build/stm32f3xx_hal_uart.o
                                                  build/stm32f3xx_hal_spi.o
                                                  build/stm32f3xx_hal_adc_ex.o
HAL_DMA_Abort_IT                                  build/stm32f3xx_hal_dma.o
                                                  build/stm32f3xx_hal_i2c.o
                                                  build/stm32f3xx_hal_uart.o
                                                  build/stm32f3xx_hal_spi.o
HAL_DMA_DeInit                                    build/stm32f3xx_hal_dma.o
HAL_DMA_GetError                                  build/stm32f3xx_hal_dma.o
HAL_DMA_GetState                                  build/stm32f3xx_hal_dma.o
HAL_DMA_IRQHandler                                build/stm32f3xx_hal_dma.o
HAL_DMA_Init                                      build/stm32f3xx_hal_dma.o
HAL_DMA_PollForTransfer                           build/stm32f3xx_hal_dma.o
HAL_DMA_RegisterCallback                          build/stm32f3xx_hal_dma.o
HAL_DMA_Start                                     build/stm32f3xx_hal_dma.o
HAL_DMA_Start_IT                                  build/stm32f3xx_hal_dma.o
                                                  build/stm32f3xx_hal_i2c.o
                                                  build/stm32f3xx_hal_uart.o
                                                  build/stm32f3xx_hal_spi.o
                                                  build/stm32f3xx_hal_adc_ex.o
HAL_DMA_UnRegisterCallback                        build/stm32f3xx_hal_dma.o
HAL_DeInit                                        build/stm32f3xx_hal.o
HAL_Delay                                         build/stm32f3xx_hal.o
                                                  build/main.o
HAL_FLASHEx_Erase                                 build/stm32f3xx_hal_flash_ex.o
HAL_FLASHEx_Erase_IT                              build/stm32f3xx_hal_flash_ex.o
HAL_FLASHEx_OBErase                               build/stm32f3xx_hal_flash_ex.o
HAL_FLASHEx_OBGetConfig                           build/stm32f3xx_hal_flash_ex.o
HAL_FLASHEx_OBGetUserData                         build/stm32f3xx_hal_flash_ex.o
HAL_FLASHEx_OBProgram                             build/stm32f3xx_hal_flash_ex.o
HAL_FLASH_EndOfOperationCallback                  build/stm32f3xx_hal_flash.o
HAL_FLASH_GetError                                build/stm32f3xx_hal_flash.o
HAL_FLASH_IRQHandler                              build/stm32f3xx_hal_flash.o
HAL_FLASH_Lock                                    build/stm32f3xx_hal_flash.o
HAL_FLASH_OB_Launch                               build/stm32f3xx_hal_flash.o
HAL_FLASH_OB_Lock                                 build/stm32f3xx_hal_flash.o
HAL_FLASH_OB_Unlock                               build/stm32f3xx_hal_flash.o
HAL_FLASH_OperationErrorCallback                  build/stm32f3xx_hal_flash.o
HAL_FLASH_Program                                 build/stm32f3xx_hal_flash.o
HAL_FLASH_Program_IT                              build/stm32f3xx_hal_flash.o
HAL_FLASH_Unlock                                  build/stm32f3xx_hal_flash.o
HAL_GPIO_DeInit                                   build/stm32f3xx_hal_gpio.o
                                                  build/stm32f3xx_hal_msp.o
HAL_GPIO_EXTI_Callback                            build/stm32f3xx_hal_gpio.o
HAL_GPIO_EXTI_IRQHandler                          build/stm32f3xx_hal_gpio.o
HAL_GPIO_Init                                     build/stm32f3xx_hal_gpio.o
                                                  build/stm32f3xx_hal_rcc.o
                                                  build/stm32f3xx_hal_msp.o
                                                  build/main.o
HAL_GPIO_LockPin                                  build/stm32f3xx_hal_gpio.o
HAL_GPIO_ReadPin                                  build/stm32f3xx_hal_gpio.o
HAL_GPIO_TogglePin                                build/stm32f3xx_hal_gpio.o
                                                  build/main.o
HAL_GPIO_WritePin                                 build/stm32f3xx_hal_gpio.o
HAL_GetDEVID                                      build/stm32f3xx_hal.o
HAL_GetHalVersion                                 build/stm32f3xx_hal.o
HAL_GetREVID                                      build/stm32f3xx_hal.o
HAL_GetTick                                       build/stm32f3xx_hal.o
                                                  build/stm32f3xx_hal_i2c.o
                                                  build/stm32f3xx_hal_flash.o
                                                  build/stm32f3xx_hal_dma.o
                                                  build/stm32f3xx_hal_rcc_ex.o
                                                  build/stm32f3xx_hal_rcc.o
                                                  build/stm32f3xx_hal_uart_ex.o
                                                  build/stm32f3xx_hal_uart.o
                                                  build/stm32f3xx_hal_spi.o
                                                  build/stm32f3xx_hal_adc_ex.o
HAL_GetTickFreq                                   build/stm32f3xx_hal.o
HAL_GetTickPrio                                   build/stm32f3xx_hal.o
HAL_GetUIDw0                                      build/stm32f3xx_hal.o
HAL_GetUIDw1                                      build/stm32f3xx_hal.o
HAL_GetUIDw2                                      build/stm32f3xx_hal.o
HAL_HalfDuplex_EnableReceiver                     build/stm32f3xx_hal_uart.o
HAL_HalfDuplex_EnableTransmitter                  build/stm32f3xx_hal_uart.o
HAL_HalfDuplex_Init                               build/stm32f3xx_hal_uart.o
HAL_I2CEx_ConfigAnalogFilter                      build/stm32f3xx_hal_i2c_ex.o
HAL_I2CEx_ConfigDigitalFilter                     build/stm32f3xx_hal_i2c_ex.o
HAL_I2CEx_DisableFastModePlus                     build/stm32f3xx_hal_i2c_ex.o
HAL_I2CEx_DisableWakeUp                           build/stm32f3xx_hal_i2c_ex.o
HAL_I2CEx_EnableFastModePlus                      build/stm32f3xx_hal_i2c_ex.o
HAL_I2CEx_EnableWakeUp                            build/stm32f3xx_hal_i2c_ex.o
HAL_I2C_AbortCpltCallback                         build/stm32f3xx_hal_i2c.o
HAL_I2C_AddrCallback                              build/stm32f3xx_hal_i2c.o
HAL_I2C_DeInit                                    build/stm32f3xx_hal_i2c.o
HAL_I2C_DisableListen_IT                          build/stm32f3xx_hal_i2c.o
HAL_I2C_ER_IRQHandler                             build/stm32f3xx_hal_i2c.o
HAL_I2C_EV_IRQHandler                             build/stm32f3xx_hal_i2c.o
HAL_I2C_EnableListen_IT                           build/stm32f3xx_hal_i2c.o
HAL_I2C_ErrorCallback                             build/stm32f3xx_hal_i2c.o
HAL_I2C_GetError                                  build/stm32f3xx_hal_i2c.o
HAL_I2C_GetMode                                   build/stm32f3xx_hal_i2c.o
HAL_I2C_GetState                                  build/stm32f3xx_hal_i2c.o
HAL_I2C_Init                                      build/stm32f3xx_hal_i2c.o
HAL_I2C_IsDeviceReady                             build/stm32f3xx_hal_i2c.o
HAL_I2C_ListenCpltCallback                        build/stm32f3xx_hal_i2c.o
HAL_I2C_MasterRxCpltCallback                      build/stm32f3xx_hal_i2c.o
HAL_I2C_MasterTxCpltCallback                      build/stm32f3xx_hal_i2c.o
HAL_I2C_Master_Abort_IT                           build/stm32f3xx_hal_i2c.o
HAL_I2C_Master_Receive                            build/stm32f3xx_hal_i2c.o
HAL_I2C_Master_Receive_DMA                        build/stm32f3xx_hal_i2c.o
HAL_I2C_Master_Receive_IT                         build/stm32f3xx_hal_i2c.o
HAL_I2C_Master_Sequential_Receive_IT              build/stm32f3xx_hal_i2c.o
HAL_I2C_Master_Sequential_Transmit_IT             build/stm32f3xx_hal_i2c.o
HAL_I2C_Master_Transmit                           build/stm32f3xx_hal_i2c.o
HAL_I2C_Master_Transmit_DMA                       build/stm32f3xx_hal_i2c.o
HAL_I2C_Master_Transmit_IT                        build/stm32f3xx_hal_i2c.o
HAL_I2C_MemRxCpltCallback                         build/stm32f3xx_hal_i2c.o
HAL_I2C_MemTxCpltCallback                         build/stm32f3xx_hal_i2c.o
HAL_I2C_Mem_Read                                  build/stm32f3xx_hal_i2c.o
HAL_I2C_Mem_Read_DMA                              build/stm32f3xx_hal_i2c.o
HAL_I2C_Mem_Read_IT                               build/stm32f3xx_hal_i2c.o
HAL_I2C_Mem_Write                                 build/stm32f3xx_hal_i2c.o
HAL_I2C_Mem_Write_DMA                             build/stm32f3xx_hal_i2c.o
HAL_I2C_Mem_Write_IT                              build/stm32f3xx_hal_i2c.o
HAL_I2C_MspDeInit                                 build/stm32f3xx_hal_i2c.o
HAL_I2C_MspInit                                   build/stm32f3xx_hal_i2c.o
HAL_I2C_SlaveRxCpltCallback                       build/stm32f3xx_hal_i2c.o
HAL_I2C_SlaveTxCpltCallback                       build/stm32f3xx_hal_i2c.o
HAL_I2C_Slave_Receive                             build/stm32f3xx_hal_i2c.o
HAL_I2C_Slave_Receive_DMA                         build/stm32f3xx_hal_i2c.o
HAL_I2C_Slave_Receive_IT                          build/stm32f3xx_hal_i2c.o
HAL_I2C_Slave_Sequential_Receive_IT               build/stm32f3xx_hal_i2c.o
HAL_I2C_Slave_Sequential_Transmit_IT              build/stm32f3xx_hal_i2c.o
HAL_I2C_Slave_Transmit                            build/stm32f3xx_hal_i2c.o
HAL_I2C_Slave_Transmit_DMA                        build/stm32f3xx_hal_i2c.o
HAL_I2C_Slave_Transmit_IT                         build/stm32f3xx_hal_i2c.o
HAL_IncTick                                       build/stm32f3xx_hal.o
                                                  build/stm32f3xx_it.o
HAL_Init                                          build/stm32f3xx_hal.o
                                                  build/main.o
HAL_InitTick                                      build/stm32f3xx_hal.o
                                                  build/stm32f3xx_hal_rcc.o
HAL_LIN_Init                                      build/stm32f3xx_hal_uart.o
HAL_LIN_SendBreak                                 build/stm32f3xx_hal_uart.o
HAL_MPU_ConfigRegion                              build/stm32f3xx_hal_cortex.o
HAL_MPU_Disable                                   build/stm32f3xx_hal_cortex.o
HAL_MPU_Enable                                    build/stm32f3xx_hal_cortex.o
HAL_MspDeInit                                     build/stm32f3xx_hal.o
HAL_MspInit                                       build/stm32f3xx_hal_msp.o
HAL_MultiProcessorEx_AddressLength_Set            build/stm32f3xx_hal_uart_ex.o
HAL_MultiProcessor_DisableMuteMode                build/stm32f3xx_hal_uart.o
HAL_MultiProcessor_EnableMuteMode                 build/stm32f3xx_hal_uart.o
HAL_MultiProcessor_EnterMuteMode                  build/stm32f3xx_hal_uart.o
HAL_MultiProcessor_Init                           build/stm32f3xx_hal_uart.o
HAL_NVIC_ClearPendingIRQ                          build/stm32f3xx_hal_cortex.o
HAL_NVIC_DisableIRQ                               build/stm32f3xx_hal_cortex.o
HAL_NVIC_EnableIRQ                                build/stm32f3xx_hal_cortex.o
HAL_NVIC_GetActive                                build/stm32f3xx_hal_cortex.o
HAL_NVIC_GetPendingIRQ                            build/stm32f3xx_hal_cortex.o
HAL_NVIC_GetPriority                              build/stm32f3xx_hal_cortex.o
HAL_NVIC_GetPriorityGrouping                      build/stm32f3xx_hal_cortex.o
HAL_NVIC_SetPendingIRQ                            build/stm32f3xx_hal_cortex.o
HAL_NVIC_SetPriority                              build/stm32f3xx_hal_cortex.o
                                                  build/stm32f3xx_hal.o
HAL_NVIC_SetPriorityGrouping                      build/stm32f3xx_hal_cortex.o
                                                  build/stm32f3xx_hal.o
HAL_NVIC_SystemReset                              build/stm32f3xx_hal_cortex.o
HAL_PWR_ConfigPVD                                 build/stm32f3xx_hal_pwr_ex.o
HAL_PWR_DeInit                                    build/stm32f3xx_hal_pwr.o
HAL_PWR_DisableBkUpAccess                         build/stm32f3xx_hal_pwr.o
HAL_PWR_DisablePVD                                build/stm32f3xx_hal_pwr_ex.o
HAL_PWR_DisableSEVOnPend                          build/stm32f3xx_hal_pwr.o
HAL_PWR_DisableSleepOnExit                        build/stm32f3xx_hal_pwr.o
HAL_PWR_DisableWakeUpPin                          build/stm32f3xx_hal_pwr.o
HAL_PWR_EnableBkUpAccess                          build/stm32f3xx_hal_pwr.o
HAL_PWR_EnablePVD                                 build/stm32f3xx_hal_pwr_ex.o
HAL_PWR_EnableSEVOnPend                           build/stm32f3xx_hal_pwr.o
HAL_PWR_EnableSleepOnExit                         build/stm32f3xx_hal_pwr.o
HAL_PWR_EnableWakeUpPin                           build/stm32f3xx_hal_pwr.o
HAL_PWR_EnterSLEEPMode                            build/stm32f3xx_hal_pwr.o
HAL_PWR_EnterSTANDBYMode                          build/stm32f3xx_hal_pwr.o
HAL_PWR_EnterSTOPMode                             build/stm32f3xx_hal_pwr.o
HAL_PWR_PVDCallback                               build/stm32f3xx_hal_pwr_ex.o
HAL_PWR_PVD_IRQHandler                            build/stm32f3xx_hal_pwr_ex.o
HAL_RCCEx_GetPeriphCLKConfig                      build/stm32f3xx_hal_rcc_ex.o
HAL_RCCEx_GetPeriphCLKFreq                        build/stm32f3xx_hal_rcc_ex.o
HAL_RCCEx_PeriphCLKConfig                         build/stm32f3xx_hal_rcc_ex.o
                                                  build/main.o
HAL_RCC_CSSCallback                               build/stm32f3xx_hal_rcc.o
HAL_RCC_ClockConfig                               build/stm32f3xx_hal_rcc.o
                                                  build/main.o
HAL_RCC_DeInit                                    build/stm32f3xx_hal_rcc.o
HAL_RCC_DisableCSS                                build/stm32f3xx_hal_rcc.o
HAL_RCC_EnableCSS                                 build/stm32f3xx_hal_rcc.o
HAL_RCC_GetClockConfig                            build/stm32f3xx_hal_rcc.o
HAL_RCC_GetHCLKFreq                               build/stm32f3xx_hal_rcc.o
HAL_RCC_GetOscConfig                              build/stm32f3xx_hal_rcc.o
HAL_RCC_GetPCLK1Freq                              build/stm32f3xx_hal_rcc.o
                                                  build/stm32f3xx_hal_rcc_ex.o
                                                  build/stm32f3xx_hal_uart.o
HAL_RCC_GetPCLK2Freq                              build/stm32f3xx_hal_rcc.o
                                                  build/stm32f3xx_hal_rcc_ex.o
                                                  build/stm32f3xx_hal_uart.o
HAL_RCC_GetSysClockFreq                           build/stm32f3xx_hal_rcc.o
                                                  build/stm32f3xx_hal_rcc_ex.o
                                                  build/stm32f3xx_hal_uart.o
HAL_RCC_MCOConfig                                 build/stm32f3xx_hal_rcc.o
HAL_RCC_NMI_IRQHandler                            build/stm32f3xx_hal_rcc.o
HAL_RCC_OscConfig                                 build/stm32f3xx_hal_rcc.o
                                                  build/main.o
HAL_RS485Ex_Init                                  build/stm32f3xx_hal_uart_ex.o
HAL_ResumeTick                                    build/stm32f3xx_hal.o
HAL_SPIEx_FlushRxFifo                             build/stm32f3xx_hal_spi_ex.o
HAL_SPI_Abort                                     build/stm32f3xx_hal_spi.o
HAL_SPI_AbortCpltCallback                         build/stm32f3xx_hal_spi.o
HAL_SPI_Abort_IT                                  build/stm32f3xx_hal_spi.o
HAL_SPI_DMAPause                                  build/stm32f3xx_hal_spi.o
HAL_SPI_DMAResume                                 build/stm32f3xx_hal_spi.o
HAL_SPI_DMAStop                                   build/stm32f3xx_hal_spi.o
HAL_SPI_DeInit                                    build/stm32f3xx_hal_spi.o
HAL_SPI_ErrorCallback                             build/stm32f3xx_hal_spi.o
HAL_SPI_GetError                                  build/stm32f3xx_hal_spi.o
HAL_SPI_GetState                                  build/stm32f3xx_hal_spi.o
HAL_SPI_IRQHandler                                build/stm32f3xx_hal_spi.o
HAL_SPI_Init                                      build/stm32f3xx_hal_spi.o
                                                  build/main.o
HAL_SPI_MspDeInit                                 build/stm32f3xx_hal_msp.o
HAL_SPI_MspInit                                   build/stm32f3xx_hal_msp.o
HAL_SPI_Receive                                   build/stm32f3xx_hal_spi.o
HAL_SPI_Receive_DMA                               build/stm32f3xx_hal_spi.o
HAL_SPI_Receive_IT                                build/stm32f3xx_hal_spi.o
HAL_SPI_RxCpltCallback                            build/stm32f3xx_hal_spi.o
HAL_SPI_RxHalfCpltCallback                        build/stm32f3xx_hal_spi.o
HAL_SPI_Transmit                                  build/stm32f3xx_hal_spi.o
HAL_SPI_TransmitReceive                           build/stm32f3xx_hal_spi.o
HAL_SPI_TransmitReceive_DMA                       build/stm32f3xx_hal_spi.o
HAL_SPI_TransmitReceive_IT                        build/stm32f3xx_hal_spi.o
HAL_SPI_Transmit_DMA                              build/stm32f3xx_hal_spi.o
HAL_SPI_Transmit_IT                               build/stm32f3xx_hal_spi.o
HAL_SPI_TxCpltCallback                            build/stm32f3xx_hal_spi.o
HAL_SPI_TxHalfCpltCallback                        build/stm32f3xx_hal_spi.o
HAL_SPI_TxRxCpltCallback                          build/stm32f3xx_hal_spi.o
HAL_SPI_TxRxHalfCpltCallback                      build/stm32f3xx_hal_spi.o
HAL_SYSTICK_CLKSourceConfig                       build/stm32f3xx_hal_cortex.o
HAL_SYSTICK_Callback                              build/stm32f3xx_hal_cortex.o
HAL_SYSTICK_Config                                build/stm32f3xx_hal_cortex.o
                                                  build/stm32f3xx_hal.o
HAL_SYSTICK_IRQHandler                            build/stm32f3xx_hal_cortex.o
HAL_SetTickFreq                                   build/stm32f3xx_hal.o
HAL_SuspendTick                                   build/stm32f3xx_hal.o
HAL_UARTEx_DisableStopMode                        build/stm32f3xx_hal_uart_ex.o
HAL_UARTEx_EnableStopMode                         build/stm32f3xx_hal_uart_ex.o
HAL_UARTEx_StopModeWakeUpSourceConfig             build/stm32f3xx_hal_uart_ex.o
HAL_UARTEx_WakeupCallback                         build/stm32f3xx_hal_uart_ex.o
                                                  build/stm32f3xx_hal_uart.o
HAL_UART_Abort                                    build/stm32f3xx_hal_uart.o
HAL_UART_AbortCpltCallback                        build/stm32f3xx_hal_uart.o
HAL_UART_AbortReceive                             build/stm32f3xx_hal_uart.o
HAL_UART_AbortReceiveCpltCallback                 build/stm32f3xx_hal_uart.o
HAL_UART_AbortReceive_IT                          build/stm32f3xx_hal_uart.o
HAL_UART_AbortTransmit                            build/stm32f3xx_hal_uart.o
HAL_UART_AbortTransmitCpltCallback                build/stm32f3xx_hal_uart.o
HAL_UART_AbortTransmit_IT                         build/stm32f3xx_hal_uart.o
HAL_UART_Abort_IT                                 build/stm32f3xx_hal_uart.o
HAL_UART_DMAPause                                 build/stm32f3xx_hal_uart.o
HAL_UART_DMAResume                                build/stm32f3xx_hal_uart.o
HAL_UART_DMAStop                                  build/stm32f3xx_hal_uart.o
HAL_UART_DeInit                                   build/stm32f3xx_hal_uart.o
HAL_UART_ErrorCallback                            build/stm32f3xx_hal_uart.o
HAL_UART_GetError                                 build/stm32f3xx_hal_uart.o
HAL_UART_GetState                                 build/stm32f3xx_hal_uart.o
HAL_UART_IRQHandler                               build/stm32f3xx_hal_uart.o
HAL_UART_Init                                     build/stm32f3xx_hal_uart.o
                                                  build/main.o
HAL_UART_MspDeInit                                build/stm32f3xx_hal_msp.o
HAL_UART_MspInit                                  build/stm32f3xx_hal_msp.o
                                                  build/stm32f3xx_hal_uart_ex.o
HAL_UART_Receive                                  build/stm32f3xx_hal_uart.o
HAL_UART_Receive_DMA                              build/stm32f3xx_hal_uart.o
HAL_UART_Receive_IT                               build/stm32f3xx_hal_uart.o
HAL_UART_RxCpltCallback                           build/stm32f3xx_hal_uart.o
HAL_UART_RxHalfCpltCallback                       build/stm32f3xx_hal_uart.o
HAL_UART_Transmit                                 build/stm32f3xx_hal_uart.o
HAL_UART_Transmit_DMA                             build/stm32f3xx_hal_uart.o
HAL_UART_Transmit_IT                              build/stm32f3xx_hal_uart.o
HAL_UART_TxCpltCallback                           build/stm32f3xx_hal_uart.o
HAL_UART_TxHalfCpltCallback                       build/stm32f3xx_hal_uart.o
HardFault_Handler                                 build/stm32f3xx_it.o
I2C1_ER_IRQHandler                                build/startup_stm32f303xc.o
I2C1_EV_IRQHandler                                build/startup_stm32f303xc.o
I2C2_ER_IRQHandler                                build/startup_stm32f303xc.o
I2C2_EV_IRQHandler                                build/startup_stm32f303xc.o
MemManage_Handler                                 build/stm32f3xx_it.o
NMI_Handler                                       build/stm32f3xx_it.o
PVD_IRQHandler                                    build/startup_stm32f303xc.o
PendSV_Handler                                    build/stm32f3xx_it.o
RCC_IRQHandler                                    build/startup_stm32f303xc.o
RTC_Alarm_IRQHandler                              build/startup_stm32f303xc.o
RTC_WKUP_IRQHandler                               build/startup_stm32f303xc.o
Reset_Handler                                     build/startup_stm32f303xc.o
SPI1_IRQHandler                                   build/startup_stm32f303xc.o
SPI2_IRQHandler                                   build/startup_stm32f303xc.o
SPI3_IRQHandler                                   build/startup_stm32f303xc.o
SVC_Handler                                       build/stm32f3xx_it.o
SysTick_Handler                                   build/stm32f3xx_it.o
SystemClock_Config                                build/main.o
SystemCoreClock                                   build/system_stm32f3xx.o
                                                  build/stm32f3xx_hal_rcc_ex.o
                                                  build/stm32f3xx_hal_rcc.o
                                                  build/stm32f3xx_hal.o
                                                  build/stm32f3xx_hal_spi.o
                                                  build/stm32f3xx_hal_adc_ex.o
SystemCoreClockUpdate                             build/system_stm32f3xx.o
SystemInit                                        build/system_stm32f3xx.o
                                                  build/startup_stm32f303xc.o
TAMP_STAMP_IRQHandler                             build/startup_stm32f303xc.o
TIM1_BRK_TIM15_IRQHandler                         build/startup_stm32f303xc.o
TIM1_CC_IRQHandler                                build/startup_stm32f303xc.o
TIM1_TRG_COM_TIM17_IRQHandler                     build/startup_stm32f303xc.o
TIM1_UP_TIM16_IRQHandler                          build/startup_stm32f303xc.o
TIM2_IRQHandler                                   build/startup_stm32f303xc.o
TIM3_IRQHandler                                   build/startup_stm32f303xc.o
TIM4_IRQHandler                                   build/startup_stm32f303xc.o
TIM6_DAC_IRQHandler                               build/startup_stm32f303xc.o
TIM7_IRQHandler                                   build/startup_stm32f303xc.o
TIM8_BRK_IRQHandler                               build/startup_stm32f303xc.o
TIM8_CC_IRQHandler                                build/startup_stm32f303xc.o
TIM8_TRG_COM_IRQHandler                           build/startup_stm32f303xc.o
TIM8_UP_IRQHandler                                build/startup_stm32f303xc.o
UART4_IRQHandler                                  build/startup_stm32f303xc.o
UART5_IRQHandler                                  build/startup_stm32f303xc.o
UART_AdvFeatureConfig                             build/stm32f3xx_hal_uart.o
                                                  build/stm32f3xx_hal_uart_ex.o
UART_CheckIdleState                               build/stm32f3xx_hal_uart.o
                                                  build/stm32f3xx_hal_uart_ex.o
UART_EndTransmit_IT                               build/stm32f3xx_hal_uart.o
UART_Receive_IT                                   build/stm32f3xx_hal_uart.o
UART_SetConfig                                    build/stm32f3xx_hal_uart.o
                                                  build/stm32f3xx_hal_uart_ex.o
UART_Transmit_IT                                  build/stm32f3xx_hal_uart.o
UART_WaitOnFlagUntilTimeout                       build/stm32f3xx_hal_uart.o
                                                  build/stm32f3xx_hal_uart_ex.o
UART_Wakeup_AddressConfig                         build/stm32f3xx_hal_uart.o
                                                  build/stm32f3xx_hal_uart_ex.o
USART1_IRQHandler                                 build/startup_stm32f303xc.o
USART2_IRQHandler                                 build/startup_stm32f303xc.o
USART3_IRQHandler                                 build/startup_stm32f303xc.o
USBWakeUp_IRQHandler                              build/startup_stm32f303xc.o
USBWakeUp_RMP_IRQHandler                          build/startup_stm32f303xc.o
USB_HP_CAN_TX_IRQHandler                          build/startup_stm32f303xc.o
USB_HP_IRQHandler                                 build/startup_stm32f303xc.o
USB_LP_CAN_RX0_IRQHandler                         build/startup_stm32f303xc.o
USB_LP_IRQHandler                                 build/startup_stm32f303xc.o
UsageFault_Handler                                build/stm32f3xx_it.o
WWDG_IRQHandler                                   build/startup_stm32f303xc.o
__bss_end__                                       /usr/local/gcc_arm/bin/../lib/gcc/arm-none-eabi/8.2.1/../../../../arm-none-eabi/lib/thumb/v7e-m+fp/hard/crt0.o
__bss_start__                                     /usr/local/gcc_arm/bin/../lib/gcc/arm-none-eabi/8.2.1/../../../../arm-none-eabi/lib/thumb/v7e-m+fp/hard/crt0.o
__call_exitprocs                                  /usr/local/gcc_arm/bin/../lib/gcc/arm-none-eabi/8.2.1/../../../../arm-none-eabi/lib/thumb/v7e-m+fp/hard/libc_nano.a(lib_a-exit.o)
__deregister_frame_info                           /usr/local/gcc_arm/bin/../lib/gcc/arm-none-eabi/8.2.1/thumb/v7e-m+fp/hard/crtbegin.o
__dso_handle                                      /usr/local/gcc_arm/bin/../lib/gcc/arm-none-eabi/8.2.1/thumb/v7e-m+fp/hard/crtbegin.o
__init_array_end                                  /usr/local/gcc_arm/bin/../lib/gcc/arm-none-eabi/8.2.1/../../../../arm-none-eabi/lib/thumb/v7e-m+fp/hard/libc_nano.a(lib_a-init.o)
__init_array_start                                /usr/local/gcc_arm/bin/../lib/gcc/arm-none-eabi/8.2.1/../../../../arm-none-eabi/lib/thumb/v7e-m+fp/hard/libc_nano.a(lib_a-init.o)
__libc_fini_array                                 /usr/local/gcc_arm/bin/../lib/gcc/arm-none-eabi/8.2.1/../../../../arm-none-eabi/lib/thumb/v7e-m+fp/hard/crt0.o
__libc_init_array                                 /usr/local/gcc_arm/bin/../lib/gcc/arm-none-eabi/8.2.1/../../../../arm-none-eabi/lib/thumb/v7e-m+fp/hard/libc_nano.a(lib_a-init.o)
                                                  build/startup_stm32f303xc.o
                                                  /usr/local/gcc_arm/bin/../lib/gcc/arm-none-eabi/8.2.1/../../../../arm-none-eabi/lib/thumb/v7e-m+fp/hard/crt0.o
__preinit_array_end                               /usr/local/gcc_arm/bin/../lib/gcc/arm-none-eabi/8.2.1/../../../../arm-none-eabi/lib/thumb/v7e-m+fp/hard/libc_nano.a(lib_a-init.o)
__preinit_array_start                             /usr/local/gcc_arm/bin/../lib/gcc/arm-none-eabi/8.2.1/../../../../arm-none-eabi/lib/thumb/v7e-m+fp/hard/libc_nano.a(lib_a-init.o)
__register_frame_info                             /usr/local/gcc_arm/bin/../lib/gcc/arm-none-eabi/8.2.1/thumb/v7e-m+fp/hard/crtbegin.o
__sf_fake_stderr                                  /usr/local/gcc_arm/bin/../lib/gcc/arm-none-eabi/8.2.1/../../../../arm-none-eabi/lib/thumb/v7e-m+fp/hard/libc_nano.a(lib_a-impure.o)
__sf_fake_stdin                                   /usr/local/gcc_arm/bin/../lib/gcc/arm-none-eabi/8.2.1/../../../../arm-none-eabi/lib/thumb/v7e-m+fp/hard/libc_nano.a(lib_a-impure.o)
__sf_fake_stdout                                  /usr/local/gcc_arm/bin/../lib/gcc/arm-none-eabi/8.2.1/../../../../arm-none-eabi/lib/thumb/v7e-m+fp/hard/libc_nano.a(lib_a-impure.o)
__stack                                           /usr/local/gcc_arm/bin/../lib/gcc/arm-none-eabi/8.2.1/../../../../arm-none-eabi/lib/thumb/v7e-m+fp/hard/crt0.o
_ebss                                             build/startup_stm32f303xc.o
_edata                                            build/startup_stm32f303xc.o
_estack                                           build/startup_stm32f303xc.o
_exit                                             /usr/local/gcc_arm/bin/../lib/gcc/arm-none-eabi/8.2.1/../../../../arm-none-eabi/lib/thumb/v7e-m+fp/hard/libnosys.a(_exit.o)
                                                  /usr/local/gcc_arm/bin/../lib/gcc/arm-none-eabi/8.2.1/../../../../arm-none-eabi/lib/thumb/v7e-m+fp/hard/libc_nano.a(lib_a-exit.o)
_fini                                             /usr/local/gcc_arm/bin/../lib/gcc/arm-none-eabi/8.2.1/thumb/v7e-m+fp/hard/crti.o
_global_impure_ptr                                /usr/local/gcc_arm/bin/../lib/gcc/arm-none-eabi/8.2.1/../../../../arm-none-eabi/lib/thumb/v7e-m+fp/hard/libc_nano.a(lib_a-impure.o)
                                                  /usr/local/gcc_arm/bin/../lib/gcc/arm-none-eabi/8.2.1/../../../../arm-none-eabi/lib/thumb/v7e-m+fp/hard/libc_nano.a(lib_a-exit.o)
_impure_ptr                                       /usr/local/gcc_arm/bin/../lib/gcc/arm-none-eabi/8.2.1/../../../../arm-none-eabi/lib/thumb/v7e-m+fp/hard/libc_nano.a(lib_a-impure.o)
_init                                             /usr/local/gcc_arm/bin/../lib/gcc/arm-none-eabi/8.2.1/thumb/v7e-m+fp/hard/crti.o
                                                  /usr/local/gcc_arm/bin/../lib/gcc/arm-none-eabi/8.2.1/../../../../arm-none-eabi/lib/thumb/v7e-m+fp/hard/libc_nano.a(lib_a-init.o)
_mainCRTStartup                                   /usr/local/gcc_arm/bin/../lib/gcc/arm-none-eabi/8.2.1/../../../../arm-none-eabi/lib/thumb/v7e-m+fp/hard/crt0.o
_sbss                                             build/startup_stm32f303xc.o
_sdata                                            build/startup_stm32f303xc.o
_sidata                                           build/startup_stm32f303xc.o
_start                                            /usr/local/gcc_arm/bin/../lib/gcc/arm-none-eabi/8.2.1/../../../../arm-none-eabi/lib/thumb/v7e-m+fp/hard/crt0.o
aPLLMULFactorTable                                build/stm32f3xx_hal_rcc.o
aPredivFactorTable                                build/stm32f3xx_hal_rcc.o
atexit                                            /usr/local/gcc_arm/bin/../lib/gcc/arm-none-eabi/8.2.1/../../../../arm-none-eabi/lib/thumb/v7e-m+fp/hard/crt0.o
exit                                              /usr/local/gcc_arm/bin/../lib/gcc/arm-none-eabi/8.2.1/../../../../arm-none-eabi/lib/thumb/v7e-m+fp/hard/libc_nano.a(lib_a-exit.o)
                                                  /usr/local/gcc_arm/bin/../lib/gcc/arm-none-eabi/8.2.1/../../../../arm-none-eabi/lib/thumb/v7e-m+fp/hard/crt0.o
g_pfnVectors                                      build/startup_stm32f303xc.o
hadc1                                             build/main.o
hadc2                                             build/main.o
hadc3                                             build/main.o
hardware_init_hook                                /usr/local/gcc_arm/bin/../lib/gcc/arm-none-eabi/8.2.1/../../../../arm-none-eabi/lib/thumb/v7e-m+fp/hard/crt0.o
hspi1                                             build/main.o
hspi2                                             build/main.o
huart1                                            build/main.o
main                                              build/main.o
                                                  build/startup_stm32f303xc.o
                                                  /usr/local/gcc_arm/bin/../lib/gcc/arm-none-eabi/8.2.1/../../../../arm-none-eabi/lib/thumb/v7e-m+fp/hard/crt0.o
memset                                            /usr/local/gcc_arm/bin/../lib/gcc/arm-none-eabi/8.2.1/../../../../arm-none-eabi/lib/thumb/v7e-m+fp/hard/libc_nano.a(lib_a-memset.o)
                                                  build/main.o
                                                  /usr/local/gcc_arm/bin/../lib/gcc/arm-none-eabi/8.2.1/../../../../arm-none-eabi/lib/thumb/v7e-m+fp/hard/crt0.o
pFlash                                            build/stm32f3xx_hal_flash.o
                                                  build/stm32f3xx_hal_flash_ex.o
software_init_hook                                /usr/local/gcc_arm/bin/../lib/gcc/arm-none-eabi/8.2.1/../../../../arm-none-eabi/lib/thumb/v7e-m+fp/hard/crt0.o
uwTick                                            build/stm32f3xx_hal.o
uwTickFreq                                        build/stm32f3xx_hal.o
uwTickPrio                                        build/stm32f3xx_hal.o
